Archive member included to satisfy reference by file (symbol)

/usr/local/Caskroom/gcc-arm-embedded/9-2019-q4-major/gcc-arm-none-eabi-9-2019-q4-major/bin/../lib/gcc/arm-none-eabi/9.2.1/thumb/v7-m/nofp/libgcc.a(_aeabi_ldivmod.o)
                              obj_openmote-cc2538/spi.o (__aeabi_ldivmod)
/usr/local/Caskroom/gcc-arm-embedded/9-2019-q4-major/gcc-arm-none-eabi-9-2019-q4-major/bin/../lib/gcc/arm-none-eabi/9.2.1/thumb/v7-m/nofp/libgcc.a(_aeabi_uldivmod.o)
                              obj_openmote-cc2538/spi.o (__aeabi_uldivmod)
/usr/local/Caskroom/gcc-arm-embedded/9-2019-q4-major/gcc-arm-none-eabi-9-2019-q4-major/bin/../lib/gcc/arm-none-eabi/9.2.1/thumb/v7-m/nofp/libgcc.a(_udivmoddi4.o)
                              /usr/local/Caskroom/gcc-arm-embedded/9-2019-q4-major/gcc-arm-none-eabi-9-2019-q4-major/bin/../lib/gcc/arm-none-eabi/9.2.1/thumb/v7-m/nofp/libgcc.a(_aeabi_ldivmod.o) (__udivmoddi4)
/usr/local/Caskroom/gcc-arm-embedded/9-2019-q4-major/gcc-arm-none-eabi-9-2019-q4-major/bin/../lib/gcc/arm-none-eabi/9.2.1/thumb/v7-m/nofp/libgcc.a(_dvmd_tls.o)
                              /usr/local/Caskroom/gcc-arm-embedded/9-2019-q4-major/gcc-arm-none-eabi-9-2019-q4-major/bin/../lib/gcc/arm-none-eabi/9.2.1/thumb/v7-m/nofp/libgcc.a(_aeabi_ldivmod.o) (__aeabi_ldiv0)
/usr/local/Caskroom/gcc-arm-embedded/9-2019-q4-major/gcc-arm-none-eabi-9-2019-q4-major/bin/../lib/gcc/arm-none-eabi/9.2.1/../../../../arm-none-eabi/lib/thumb/v7-m/nofp/libc.a(lib_a-ctype_.o)
                              obj_openmote-cc2538/resolv.o (_ctype_)
/usr/local/Caskroom/gcc-arm-embedded/9-2019-q4-major/gcc-arm-none-eabi-9-2019-q4-major/bin/../lib/gcc/arm-none-eabi/9.2.1/../../../../arm-none-eabi/lib/thumb/v7-m/nofp/libc.a(lib_a-memcmp.o)
                              obj_openmote-cc2538/linkaddr.o (memcmp)
/usr/local/Caskroom/gcc-arm-embedded/9-2019-q4-major/gcc-arm-none-eabi-9-2019-q4-major/bin/../lib/gcc/arm-none-eabi/9.2.1/../../../../arm-none-eabi/lib/thumb/v7-m/nofp/libc.a(lib_a-memcpy.o)
                              obj_openmote-cc2538/ecc-algorithm.o (memcpy)
/usr/local/Caskroom/gcc-arm-embedded/9-2019-q4-major/gcc-arm-none-eabi-9-2019-q4-major/bin/../lib/gcc/arm-none-eabi/9.2.1/../../../../arm-none-eabi/lib/thumb/v7-m/nofp/libc.a(lib_a-memmove.o)
                              obj_openmote-cc2538/sicslowpan.o (memmove)
/usr/local/Caskroom/gcc-arm-embedded/9-2019-q4-major/gcc-arm-none-eabi-9-2019-q4-major/bin/../lib/gcc/arm-none-eabi/9.2.1/../../../../arm-none-eabi/lib/thumb/v7-m/nofp/libc.a(lib_a-memset.o)
                              obj_openmote-cc2538/udma.o (memset)
/usr/local/Caskroom/gcc-arm-embedded/9-2019-q4-major/gcc-arm-none-eabi-9-2019-q4-major/bin/../lib/gcc/arm-none-eabi/9.2.1/../../../../arm-none-eabi/lib/thumb/v7-m/nofp/libc.a(lib_a-reent.o)
                              obj_openmote-cc2538/syscalls.o (errno)
/usr/local/Caskroom/gcc-arm-embedded/9-2019-q4-major/gcc-arm-none-eabi-9-2019-q4-major/bin/../lib/gcc/arm-none-eabi/9.2.1/../../../../arm-none-eabi/lib/thumb/v7-m/nofp/libc.a(lib_a-strcasecmp.o)
                              obj_openmote-cc2538/resolv.o (strcasecmp)
/usr/local/Caskroom/gcc-arm-embedded/9-2019-q4-major/gcc-arm-none-eabi-9-2019-q4-major/bin/../lib/gcc/arm-none-eabi/9.2.1/../../../../arm-none-eabi/lib/thumb/v7-m/nofp/libc.a(lib_a-strcmp.o)
                              obj_openmote-cc2538/cfs-coffee.o (strcmp)
/usr/local/Caskroom/gcc-arm-embedded/9-2019-q4-major/gcc-arm-none-eabi-9-2019-q4-major/bin/../lib/gcc/arm-none-eabi/9.2.1/../../../../arm-none-eabi/lib/thumb/v7-m/nofp/libc.a(lib_a-strlen-stub.o)
                              obj_openmote-cc2538/sensors.o (strlen)
/usr/local/Caskroom/gcc-arm-embedded/9-2019-q4-major/gcc-arm-none-eabi-9-2019-q4-major/bin/../lib/gcc/arm-none-eabi/9.2.1/../../../../arm-none-eabi/lib/thumb/v7-m/nofp/libc.a(lib_a-strncasecmp.o)
                              obj_openmote-cc2538/resolv.o (strncasecmp)
/usr/local/Caskroom/gcc-arm-embedded/9-2019-q4-major/gcc-arm-none-eabi-9-2019-q4-major/bin/../lib/gcc/arm-none-eabi/9.2.1/../../../../arm-none-eabi/lib/thumb/v7-m/nofp/libc.a(lib_a-strncat.o)
                              obj_openmote-cc2538/resolv.o (strncat)
/usr/local/Caskroom/gcc-arm-embedded/9-2019-q4-major/gcc-arm-none-eabi-9-2019-q4-major/bin/../lib/gcc/arm-none-eabi/9.2.1/../../../../arm-none-eabi/lib/thumb/v7-m/nofp/libc.a(lib_a-strncmp.o)
                              obj_openmote-cc2538/sensors.o (strncmp)
/usr/local/Caskroom/gcc-arm-embedded/9-2019-q4-major/gcc-arm-none-eabi-9-2019-q4-major/bin/../lib/gcc/arm-none-eabi/9.2.1/../../../../arm-none-eabi/lib/thumb/v7-m/nofp/libc.a(lib_a-strncpy.o)
                              obj_openmote-cc2538/cfs-coffee.o (strncpy)
/usr/local/Caskroom/gcc-arm-embedded/9-2019-q4-major/gcc-arm-none-eabi-9-2019-q4-major/bin/../lib/gcc/arm-none-eabi/9.2.1/../../../../arm-none-eabi/lib/thumb/v7-m/nofp/libc.a(lib_a-freer.o)
[...]
Memory Configuration

Name             Origin             Length             Attributes
FLASH_FW         0x0000000000202000 0x000000000007dfd4 xr
FLASH_CCA        0x000000000027ffd4 0x000000000000002c xr
NRSRAM           0x0000000020000000 0x0000000000000000 xrw
FRSRAM           0x0000000020000000 0x0000000000008000 xrw
*default*        0x0000000000000000 0xffffffffffffffff

Linker script and memory map

LOAD obj_openmote-cc2538/startup-gcc.o
LOAD obj_openmote-cc2538/platform.o
LOAD obj_openmote-cc2538/board.o
LOAD obj_openmote-cc2538/leds-arch.o
LOAD obj_openmote-cc2538/button-sensor.o
LOAD obj_openmote-cc2538/openmote-sensors.o
LOAD obj_openmote-cc2538/antenna.o
LOAD obj_openmote-cc2538/adxl346.o
LOAD obj_openmote-cc2538/max44009.o
LOAD obj_openmote-cc2538/sht21.o
LOAD obj_openmote-cc2538/tps62730.o
LOAD obj_openmote-cc2538/soc.o
LOAD obj_openmote-cc2538/clock.o
LOAD obj_openmote-cc2538/rtimer-arch.o
LOAD obj_openmote-cc2538/uart.o
LOAD obj_openmote-cc2538/watchdog.o
LOAD obj_openmote-cc2538/nvic.o
LOAD obj_openmote-cc2538/sys-ctrl.o
LOAD obj_openmote-cc2538/gpio.o
LOAD obj_openmote-cc2538/ioc.o
LOAD obj_openmote-cc2538/spi.o
LOAD obj_openmote-cc2538/adc.o
LOAD obj_openmote-cc2538/crypto.o
LOAD obj_openmote-cc2538/aes.o
LOAD obj_openmote-cc2538/ecb.o
LOAD obj_openmote-cc2538/cbc.o
LOAD obj_openmote-cc2538/ctr.o
LOAD obj_openmote-cc2538/cbc-mac.o
LOAD obj_openmote-cc2538/gcm.o
LOAD obj_openmote-cc2538/ccm.o
LOAD obj_openmote-cc2538/sha256.o
LOAD obj_openmote-cc2538/gpio-hal-arch.o
LOAD obj_openmote-cc2538/cc2538-aes-128.o
LOAD obj_openmote-cc2538/cc2538-ccm-star.o
LOAD obj_openmote-cc2538/cc2538-rf.o
LOAD obj_openmote-cc2538/udma.o
LOAD obj_openmote-cc2538/lpm.o
LOAD obj_openmote-cc2538/int-master.o
LOAD obj_openmote-cc2538/pka.o
LOAD obj_openmote-cc2538/bignum-driver.o
LOAD obj_openmote-cc2538/ecc-driver.o
LOAD obj_openmote-cc2538/ecc-algorithm.o
LOAD obj_openmote-cc2538/ecc-curve.o
LOAD obj_openmote-cc2538/dbg.o
LOAD obj_openmote-cc2538/ieee-addr.o
LOAD obj_openmote-cc2538/slip-arch.o
LOAD obj_openmote-cc2538/slip.o
LOAD obj_openmote-cc2538/i2c.o
LOAD obj_openmote-cc2538/cc2538-temp-sensor.o
LOAD obj_openmote-cc2538/vdd3-sensor.o
LOAD obj_openmote-cc2538/cfs-coffee.o
LOAD obj_openmote-cc2538/cfs-coffee-arch.o
LOAD obj_openmote-cc2538/pwm.o
LOAD obj_openmote-cc2538/dbg-printf.o
LOAD obj_openmote-cc2538/dbg-snprintf.o
LOAD obj_openmote-cc2538/dbg-sprintf.o
LOAD obj_openmote-cc2538/strformat.o
LOAD obj_openmote-cc2538/usb-core.o
LOAD obj_openmote-cc2538/cdc-acm.o
LOAD obj_openmote-cc2538/usb-arch.o
LOAD obj_openmote-cc2538/usb-serial.o
LOAD obj_openmote-cc2538/cdc-acm-descriptors.o
LOAD obj_openmote-cc2538/contiki-main.o
LOAD obj_openmote-cc2538/autostart.o
LOAD obj_openmote-cc2538/compower.o
LOAD obj_openmote-cc2538/ctimer.o
LOAD obj_openmote-cc2538/energest.o
LOAD obj_openmote-cc2538/etimer.o
LOAD obj_openmote-cc2538/log.o
LOAD obj_openmote-cc2538/mutex.o
LOAD obj_openmote-cc2538/process.o
LOAD obj_openmote-cc2538/rtimer.o
LOAD obj_openmote-cc2538/stack-check.o
LOAD obj_openmote-cc2538/stimer.o
LOAD obj_openmote-cc2538/timer.o
LOAD obj_openmote-cc2538/gpio-hal.o
LOAD obj_openmote-cc2538/leds.o
LOAD obj_openmote-cc2538/nullradio.o
LOAD obj_openmote-cc2538/serial-line.o
LOAD obj_openmote-cc2538/aes-128.o
LOAD obj_openmote-cc2538/assert.o
LOAD obj_openmote-cc2538/ccm-star.o
LOAD obj_openmote-cc2538/circular-list.o
LOAD obj_openmote-cc2538/crc16.o
LOAD obj_openmote-cc2538/dbl-circ-list.o
LOAD obj_openmote-cc2538/dbl-list.o
LOAD obj_openmote-cc2538/heapmem.o
LOAD obj_openmote-cc2538/ifft.o
LOAD obj_openmote-cc2538/list.o
LOAD obj_openmote-cc2538/memb.o
LOAD obj_openmote-cc2538/random.o
LOAD obj_openmote-cc2538/ringbuf.o
LOAD obj_openmote-cc2538/ringbufindex.o
LOAD obj_openmote-cc2538/sensors.o
LOAD obj_openmote-cc2538/trickle-timer.o
LOAD obj_openmote-cc2538/link-stats.o
LOAD obj_openmote-cc2538/linkaddr.o
LOAD obj_openmote-cc2538/nbr-table.o
LOAD obj_openmote-cc2538/net-debug.o
LOAD obj_openmote-cc2538/netstack.o
LOAD obj_openmote-cc2538/packetbuf.o
LOAD obj_openmote-cc2538/queuebuf.o
LOAD obj_openmote-cc2538/mac-sequence.o
LOAD obj_openmote-cc2538/mac.o
LOAD obj_openmote-cc2538/frame802154.o
LOAD obj_openmote-cc2538/frame802154e-ie.o
LOAD obj_openmote-cc2538/framer-802154.o
LOAD obj_openmote-cc2538/nullframer.o
LOAD obj_openmote-cc2538/syscalls.o
LOAD obj_openmote-cc2538/csma-output.o
LOAD obj_openmote-cc2538/csma.o
LOAD obj_openmote-cc2538/ip64-addr.o
LOAD obj_openmote-cc2538/psock.o
LOAD obj_openmote-cc2538/resolv.o
LOAD obj_openmote-cc2538/sicslowpan.o
LOAD obj_openmote-cc2538/simple-udp.o
LOAD obj_openmote-cc2538/tcp-socket.o
LOAD obj_openmote-cc2538/tcpip.o
LOAD obj_openmote-cc2538/udp-socket.o
LOAD obj_openmote-cc2538/uip-ds6-nbr.o
LOAD obj_openmote-cc2538/uip-ds6-route.o
LOAD obj_openmote-cc2538/uip-ds6.o
LOAD obj_openmote-cc2538/uip-icmp6.o
LOAD obj_openmote-cc2538/uip-nameserver.o
LOAD obj_openmote-cc2538/uip-nd6.o
LOAD obj_openmote-cc2538/uip-packetqueue.o
LOAD obj_openmote-cc2538/uip-sr.o
LOAD obj_openmote-cc2538/uip-udp-packet.o
LOAD obj_openmote-cc2538/uip6.o
LOAD obj_openmote-cc2538/uipbuf.o
LOAD obj_openmote-cc2538/uiplib.o
LOAD obj_openmote-cc2538/rpl-dag-root.o
LOAD obj_openmote-cc2538/rpl-dag.o
LOAD obj_openmote-cc2538/rpl-ext-header.o
LOAD obj_openmote-cc2538/rpl-icmp6.o
LOAD obj_openmote-cc2538/rpl-mrhof.o
LOAD obj_openmote-cc2538/rpl-nbr-policy.o
LOAD obj_openmote-cc2538/rpl-neighbor.o
LOAD obj_openmote-cc2538/rpl-of0.o
LOAD obj_openmote-cc2538/rpl-timers.o
LOAD obj_openmote-cc2538/rpl.o
LOAD Ethereum_App.o
LOAD obj_openmote-cc2538/eth_vm.o
LOAD obj_openmote-cc2538/sha3.o
LOAD obj_openmote-cc2538/keccak256.o
LOAD obj_openmote-cc2538/uint256.o
LOAD /usr/local/Caskroom/gcc-arm-embedded/9-2019-q4-major/gcc-arm-none-eabi-9-2019-q4-major/bin/../lib/gcc/arm-none-eabi/9.2.1/../../../../arm-none-eabi/lib/thumb/v7-m/nofp/libm.a
START GROUP
LOAD /usr/local/Caskroom/gcc-arm-embedded/9-2019-q4-major/gcc-arm-none-eabi-9-2019-q4-major/bin/../lib/gcc/arm-none-eabi/9.2.1/thumb/v7-m/nofp/libgcc.a
LOAD /usr/local/Caskroom/gcc-arm-embedded/9-2019-q4-major/gcc-arm-none-eabi-9-2019-q4-major/bin/../lib/gcc/arm-none-eabi/9.2.1/../../../../arm-none-eabi/lib/thumb/v7-m/nofp/libc.a
END GROUP

.text           0x0000000000202000     0xc7bc
                0x0000000000202000                _text = .
 *(SORT_BY_ALIGNMENT(.vectors))
 .vectors       0x0000000000202000      0x28c obj_openmote-cc2538/startup-gcc.o
                0x0000000000202000                vectors
 *(SORT_BY_ALIGNMENT(.text*))
 *fill*         0x000000000020228c        0x4 00000000
 .text.process_thread_hello_world_process
                0x0000000000202290      0x20c Ethereum_App.o
 .text.reset_handler
                0x000000000020249c       0x40 obj_openmote-cc2538/startup-gcc.o
                0x000000000020249c                reset_handler
 .text.platform_init_stage_two
                0x00000000002024dc       0x60 obj_openmote-cc2538/platform.o
                0x00000000002024dc                platform_init_stage_two
 .text.platform_init_stage_three
                0x000000000020253c       0x9c obj_openmote-cc2538/platform.o
                0x000000000020253c                platform_init_stage_three
 .text.value    0x00000000002025d8       0x20 obj_openmote-cc2538/button-sensor.o
 .text.duration_exceeded_callback
                0x00000000002025f8       0x3c obj_openmote-cc2538/button-sensor.o
 .text.config_user
                0x0000000000202634       0xa0 obj_openmote-cc2538/button-sensor.o
 .text.button_press_handler
                0x00000000002026d4       0x5c obj_openmote-cc2538/button-sensor.o
 .text.antenna_external
                0x0000000000202730       0x14 obj_openmote-cc2538/antenna.o
                0x0000000000202730                antenna_external
 .text.antenna_init
                0x0000000000202744       0x1c obj_openmote-cc2538/antenna.o
                0x0000000000202744                antenna_init
 .text.soc_get_rev
                0x0000000000202760       0x18 obj_openmote-cc2538/soc.o
                0x0000000000202760                soc_get_rev
 .text.soc_print_info
                0x0000000000202778       0x10 obj_openmote-cc2538/soc.o
                0x0000000000202778                soc_print_info
 .text.update_ticks
                0x0000000000202788       0x54 obj_openmote-cc2538/clock.o
 .text.clock_init
                0x00000000002027dc       0x4c obj_openmote-cc2538/clock.o
                0x00000000002027dc                clock_init
 .text.clock_time
                0x0000000000202828       0x14 obj_openmote-cc2538/clock.o
                0x0000000000202828                clock_time
 .text.clock_seconds
                0x000000000020283c       0x14 obj_openmote-cc2538/clock.o
                0x000000000020283c                clock_seconds
 .text.clock_delay_usec
                0x0000000000202850       0x1c obj_openmote-cc2538/clock.o
                0x0000000000202850                clock_delay_usec
 .text.clock_adjust
                0x000000000020286c       0x20 obj_openmote-cc2538/clock.o
                0x000000000020286c                clock_adjust
 .text.rtimer_arch_next_trigger
                0x000000000020288c        0xc obj_openmote-cc2538/rtimer-arch.o
                0x000000000020288c                rtimer_arch_next_trigger
 .text.rtimer_arch_now
                0x0000000000202898       0x24 obj_openmote-cc2538/rtimer-arch.o
                0x0000000000202898                rtimer_arch_now
 .text.rtimer_arch_schedule
                0x00000000002028bc       0x58 obj_openmote-cc2538/rtimer-arch.o
                0x00000000002028bc                rtimer_arch_schedule
 .text.rtimer_isr
                0x0000000000202914       0x2c obj_openmote-cc2538/rtimer-arch.o
                0x0000000000202914                rtimer_isr
 .text.permit_pm1
                0x0000000000202940       0x24 obj_openmote-cc2538/uart.o
 .text.uart_isr
                0x0000000000202964       0x60 obj_openmote-cc2538/uart.o
 .text.uart_init
                0x00000000002029c4      0x198 obj_openmote-cc2538/uart.o
                0x00000000002029c4                uart_init
 .text.uart_set_input
                0x0000000000202b5c       0x10 obj_openmote-cc2538/uart.o
                0x0000000000202b5c                uart_set_input
 .text.uart_write_byte
                0x0000000000202b6c       0x1c obj_openmote-cc2538/uart.o
                0x0000000000202b6c                uart_write_byte
 .text.watchdog_init
                0x0000000000202b88        0xc obj_openmote-cc2538/watchdog.o
                0x0000000000202b88                watchdog_init
 .text.watchdog_periodic
                0x0000000000202b94       0x10 obj_openmote-cc2538/watchdog.o
                0x0000000000202b94                watchdog_periodic
 .text.nvic_init
                0x0000000000202ba4       0x10 obj_openmote-cc2538/nvic.o
                0x0000000000202ba4                nvic_init
 .text.sys_ctrl_init
                0x0000000000202bb4       0x74 obj_openmote-cc2538/sys-ctrl.o
                0x0000000000202bb4                sys_ctrl_init
 .text.gpio_port_isr
                0x0000000000202c28       0x48 obj_openmote-cc2538/gpio.o
 .text.ioc_init
                0x0000000000202c70       0x1c obj_openmote-cc2538/ioc.o
                0x0000000000202c70                ioc_init
 .text.ioc_set_over
                0x0000000000202c8c       0x14 obj_openmote-cc2538/ioc.o
                0x0000000000202c8c                ioc_set_over
 .text.ioc_set_sel
                0x0000000000202ca0       0x14 obj_openmote-cc2538/ioc.o
                0x0000000000202ca0                ioc_set_sel
 .text.adc_get  0x0000000000202cb4       0x70 obj_openmote-cc2538/adc.o
                0x0000000000202cb4                adc_get
 .text.permit_pm1
                0x0000000000202d24       0x10 obj_openmote-cc2538/crypto.o
 .text.crypto_isr
                0x0000000000202d34       0x28 obj_openmote-cc2538/crypto.o
                0x0000000000202d34                crypto_isr
 .text.crypto_enable
                0x0000000000202d5c       0x20 obj_openmote-cc2538/crypto.o
                0x0000000000202d5c                crypto_enable
 .text.crypto_init
                0x0000000000202d7c       0x3c obj_openmote-cc2538/crypto.o
                0x0000000000202d7c                crypto_init
 .text.crypto_disable
                0x0000000000202db8       0x20 obj_openmote-cc2538/crypto.o
                0x0000000000202db8                crypto_disable
 .text.off      0x0000000000202dd8       0x40 obj_openmote-cc2538/cc2538-rf.o
 .text.receiving_packet
                0x0000000000202e18       0x18 obj_openmote-cc2538/cc2538-rf.o
 .text.pending_packet
                0x0000000000202e30       0x10 obj_openmote-cc2538/cc2538-rf.o
 .text.set_poll_mode
                0x0000000000202e40       0x98 obj_openmote-cc2538/cc2538-rf.o
 .text.on       0x0000000000202ed8       0x2c obj_openmote-cc2538/cc2538-rf.o
 .text.set_channel
                0x0000000000202f04       0x48 obj_openmote-cc2538/cc2538-rf.o
 .text.get_value
                0x0000000000202f4c      0x160 obj_openmote-cc2538/cc2538-rf.o
 .text.channel_clear
                0x00000000002030ac       0x3c obj_openmote-cc2538/cc2538-rf.o
 .text.set_value
                0x00000000002030e8       0xf0 obj_openmote-cc2538/cc2538-rf.o
 .text.prepare  0x00000000002031d8       0x64 obj_openmote-cc2538/cc2538-rf.o
 .text.transmit
                0x000000000020323c       0x9c obj_openmote-cc2538/cc2538-rf.o
 .text.set_object
                0x00000000002032d8       0x30 obj_openmote-cc2538/cc2538-rf.o
 .text.read     0x0000000000203308       0xe0 obj_openmote-cc2538/cc2538-rf.o
 .text.init     0x00000000002033e8       0xcc obj_openmote-cc2538/cc2538-rf.o
 .text.process_thread_cc2538_rf_process
                0x00000000002034b4       0x90 obj_openmote-cc2538/cc2538-rf.o
 .text.get_object
                0x0000000000203544      0x130 obj_openmote-cc2538/cc2538-rf.o
 .text.cc2538_rf_rx_tx_isr
                0x0000000000203674       0x24 obj_openmote-cc2538/cc2538-rf.o
                0x0000000000203674                cc2538_rf_rx_tx_isr
 .text.cc2538_rf_err_isr
                0x0000000000203698       0x28 obj_openmote-cc2538/cc2538-rf.o
                0x0000000000203698                cc2538_rf_err_isr
 .text.udma_init
                0x00000000002036c0       0x34 obj_openmote-cc2538/udma.o
                0x00000000002036c0                udma_init
 .text.udma_set_channel_src
                0x00000000002036f4       0x10 obj_openmote-cc2538/udma.o
                0x00000000002036f4                udma_set_channel_src
 .text.udma_set_channel_dst
                0x0000000000203704       0x14 obj_openmote-cc2538/udma.o
                0x0000000000203704                udma_set_channel_dst
 .text.udma_set_channel_control_word
                0x0000000000203718       0x14 obj_openmote-cc2538/udma.o
                0x0000000000203718                udma_set_channel_control_word
 .text.udma_channel_enable
                0x000000000020372c       0x18 obj_openmote-cc2538/udma.o
                0x000000000020372c                udma_channel_enable
 .text.udma_channel_mask_set
                0x0000000000203744       0x18 obj_openmote-cc2538/udma.o
                0x0000000000203744                udma_channel_mask_set
 .text.udma_channel_sw_request
                0x000000000020375c       0x18 obj_openmote-cc2538/udma.o
                0x000000000020375c                udma_channel_sw_request
 .text.udma_channel_get_mode
                0x0000000000203774       0x1c obj_openmote-cc2538/udma.o
                0x0000000000203774                udma_channel_get_mode
 .text.udma_isr
                0x0000000000203790       0x10 obj_openmote-cc2538/udma.o
                0x0000000000203790                udma_isr
 .text.udma_err_isr
                0x00000000002037a0        0xc obj_openmote-cc2538/udma.o
                0x00000000002037a0                udma_err_isr
 .text.select_32_mhz_xosc
                0x00000000002037ac       0x2c obj_openmote-cc2538/lpm.o
 .text.lpm_exit
                0x00000000002037d8       0x34 obj_openmote-cc2538/lpm.o
                0x00000000002037d8                lpm_exit
 .text.lpm_enter
                0x000000000020380c       0xb4 obj_openmote-cc2538/lpm.o
                0x000000000020380c                lpm_enter
 .text.lpm_register_peripheral
                0x00000000002038c0       0x24 obj_openmote-cc2538/lpm.o
                0x00000000002038c0                lpm_register_peripheral
 .text.lpm_init
                0x00000000002038e4       0x24 obj_openmote-cc2538/lpm.o
                0x00000000002038e4                lpm_init
 .text.pka_isr  0x0000000000203908       0x28 obj_openmote-cc2538/pka.o
                0x0000000000203908                pka_isr
 .text.ieee_addr_cpy_to
                0x0000000000203930       0x74 obj_openmote-cc2538/ieee-addr.o
                0x0000000000203930                ieee_addr_cpy_to
 .text.i2c_master_enable
                0x00000000002039a4       0x10 obj_openmote-cc2538/i2c.o
                0x00000000002039a4                i2c_master_enable
 .text.i2c_set_frequency
                0x00000000002039b4       0x1c obj_openmote-cc2538/i2c.o
                0x00000000002039b4                i2c_set_frequency
 .text.i2c_init
                0x00000000002039d0       0xb8 obj_openmote-cc2538/i2c.o
                0x00000000002039d0                i2c_init
 .text.printf   0x0000000000203a88       0x20 obj_openmote-cc2538/dbg-printf.o
                0x0000000000203a88                printf
 .text.fill_space
                0x0000000000203aa8       0x34 obj_openmote-cc2538/strformat.o
 .text.format_str_v
                0x0000000000203adc      0x764 obj_openmote-cc2538/strformat.o
                0x0000000000203adc                format_str_v
 .text.startup.main
                0x0000000000204240      0x160 obj_openmote-cc2538/contiki-main.o
                0x0000000000204240                main
 .text.process_thread_ctimer_process
                0x00000000002043a0       0x7c obj_openmote-cc2538/ctimer.o
 .text.ctimer_init
                0x000000000020441c       0x28 obj_openmote-cc2538/ctimer.o
                0x000000000020441c                ctimer_init
 .text.ctimer_set_with_process
                0x0000000000204444       0x44 obj_openmote-cc2538/ctimer.o
                0x0000000000204444                ctimer_set_with_process
 .text.ctimer_set
                0x0000000000204488       0x14 obj_openmote-cc2538/ctimer.o
                0x0000000000204488                ctimer_set
 .text.ctimer_reset
                0x000000000020449c       0x38 obj_openmote-cc2538/ctimer.o
                0x000000000020449c                ctimer_reset
 .text.ctimer_stop
                0x00000000002044d4       0x2c obj_openmote-cc2538/ctimer.o
                0x00000000002044d4                ctimer_stop
 .text.ctimer_expired
                0x0000000000204500       0x34 obj_openmote-cc2538/ctimer.o
                0x0000000000204500                ctimer_expired
 .text.update_time
                0x0000000000204534       0x40 obj_openmote-cc2538/etimer.o
 .text.etimer_request_poll
                0x0000000000204574        0xc obj_openmote-cc2538/etimer.o
                0x0000000000204574                etimer_request_poll
 .text.process_thread_etimer_process
                0x0000000000204580       0xac obj_openmote-cc2538/etimer.o
 .text.add_timer
                0x000000000020462c       0x40 obj_openmote-cc2538/etimer.o
 .text.etimer_pending
                0x000000000020466c       0x10 obj_openmote-cc2538/etimer.o
                0x000000000020466c                etimer_pending
 .text.etimer_stop
                0x000000000020467c       0x34 obj_openmote-cc2538/etimer.o
                0x000000000020467c                etimer_stop
 .text.log_6addr
                0x00000000002046b0       0xb4 obj_openmote-cc2538/log.o
                0x00000000002046b0                log_6addr
 .text.log_lladdr
                0x0000000000204764       0x40 obj_openmote-cc2538/log.o
                0x0000000000204764                log_lladdr
 .text.call_process.part.0
                0x00000000002047a4       0x38 obj_openmote-cc2538/process.o
 .text.exit_process
                0x00000000002047dc       0x80 obj_openmote-cc2538/process.o
 .text.do_poll  0x000000000020485c       0x30 obj_openmote-cc2538/process.o
 .text.process_alloc_event
                0x000000000020488c       0x10 obj_openmote-cc2538/process.o
                0x000000000020488c                process_alloc_event
 .text.process_init
                0x000000000020489c       0x30 obj_openmote-cc2538/process.o
                0x000000000020489c                process_init
 .text.process_run
                0x00000000002048cc       0x84 obj_openmote-cc2538/process.o
                0x00000000002048cc                process_run
 .text.process_nevents
                0x0000000000204950       0x14 obj_openmote-cc2538/process.o
                0x0000000000204950                process_nevents
 .text.process_post
                0x0000000000204964       0x3c obj_openmote-cc2538/process.o
                0x0000000000204964                process_post
 .text.process_post_synch
                0x00000000002049a0       0x14 obj_openmote-cc2538/process.o
                0x00000000002049a0                process_post_synch
 .text.process_start
                0x00000000002049b4       0x30 obj_openmote-cc2538/process.o
                0x00000000002049b4                process_start
 .text.process_poll
                0x00000000002049e4       0x18 obj_openmote-cc2538/process.o
                0x00000000002049e4                process_poll
 .text.rtimer_run_next
                0x00000000002049fc       0x28 obj_openmote-cc2538/rtimer.o
                0x00000000002049fc                rtimer_run_next
 .text.stack_check_init
                0x0000000000204a24       0x24 obj_openmote-cc2538/stack-check.o
                0x0000000000204a24                stack_check_init
 .text.stack_check_get_usage
                0x0000000000204a48       0x40 obj_openmote-cc2538/stack-check.o
                0x0000000000204a48                stack_check_get_usage
 .text.process_thread_stack_check_process
                0x0000000000204a88       0x84 obj_openmote-cc2538/stack-check.o
 .text.gpio_hal_register_handler
                0x0000000000204b0c        0xc obj_openmote-cc2538/gpio-hal.o
                0x0000000000204b0c                gpio_hal_register_handler
 .text.gpio_hal_event_handler
                0x0000000000204b18       0x24 obj_openmote-cc2538/gpio-hal.o
                0x0000000000204b18                gpio_hal_event_handler
 .text.gpio_hal_init
                0x0000000000204b3c        0xc obj_openmote-cc2538/gpio-hal.o
                0x0000000000204b3c                gpio_hal_init
 .text.leds_on  0x0000000000204b48       0x50 obj_openmote-cc2538/leds.o
                0x0000000000204b48                leds_on
 .text.leds_off
                0x0000000000204b98       0x48 obj_openmote-cc2538/leds.o
                0x0000000000204b98                leds_off
 .text.leds_init
                0x0000000000204be0       0x48 obj_openmote-cc2538/leds.o
                0x0000000000204be0                leds_init
 .text.process_thread_serial_line_process
                0x0000000000204c28       0x98 obj_openmote-cc2538/serial-line.o
 .text.serial_line_input_byte
                0x0000000000204cc0       0x48 obj_openmote-cc2538/serial-line.o
                0x0000000000204cc0                serial_line_input_byte
 .text.serial_line_init
                0x0000000000204d08       0x24 obj_openmote-cc2538/serial-line.o
                0x0000000000204d08                serial_line_init
 .text.random_rand
                0x0000000000204d2c       0x24 obj_openmote-cc2538/random.o
                0x0000000000204d2c                random_rand
 .text.random_init
                0x0000000000204d50       0x78 obj_openmote-cc2538/random.o
                0x0000000000204d50                random_init
 .text.process_thread_sensors_process
                0x0000000000204dc8       0xd4 obj_openmote-cc2538/sensors.o
 .text.sensors_changed
                0x0000000000204e9c       0x3c obj_openmote-cc2538/sensors.o
                0x0000000000204e9c                sensors_changed
 .text.periodic
                0x0000000000204ed8       0x30 obj_openmote-cc2538/link-stats.o
 .text.link_stats_from_lladdr
                0x0000000000204f08        0xc obj_openmote-cc2538/link-stats.o
                0x0000000000204f08                link_stats_from_lladdr
 .text.link_stats_packet_sent
                0x0000000000204f14       0x78 obj_openmote-cc2538/link-stats.o
                0x0000000000204f14                link_stats_packet_sent
 .text.link_stats_input_callback
                0x0000000000204f8c       0x4c obj_openmote-cc2538/link-stats.o
                0x0000000000204f8c                link_stats_input_callback
 .text.link_stats_reset
                0x0000000000204fd8       0x28 obj_openmote-cc2538/link-stats.o
                0x0000000000204fd8                link_stats_reset
 .text.link_stats_init
                0x0000000000205000       0x28 obj_openmote-cc2538/link-stats.o
                0x0000000000205000                link_stats_init
 .text.key_from_index
                0x0000000000205028       0x18 obj_openmote-cc2538/nbr-table.o
 .text.index_from_key
                0x0000000000205040       0x20 obj_openmote-cc2538/nbr-table.o
 .text.index_from_lladdr
                0x0000000000205060       0x40 obj_openmote-cc2538/nbr-table.o
 .text.nbr_get_bit.constprop.0
                0x00000000002050a0       0x24 obj_openmote-cc2538/nbr-table.o
 .text.remove_key
                0x00000000002050c4       0x64 obj_openmote-cc2538/nbr-table.o
 .text.nbr_table_register
                0x0000000000205128       0x28 obj_openmote-cc2538/nbr-table.o
                0x0000000000205128                nbr_table_register
 .text.nbr_table_head
                0x0000000000205150       0x38 obj_openmote-cc2538/nbr-table.o
                0x0000000000205150                nbr_table_head
 .text.nbr_table_add_lladdr
                0x0000000000205188       0xf8 obj_openmote-cc2538/nbr-table.o
                0x0000000000205188                nbr_table_add_lladdr
 .text.nbr_table_remove
                0x0000000000205280       0x2c obj_openmote-cc2538/nbr-table.o
                0x0000000000205280                nbr_table_remove
 .text.nbr_table_lock
                0x00000000002052ac       0x10 obj_openmote-cc2538/nbr-table.o
                0x00000000002052ac                nbr_table_lock
 .text.nbr_table_unlock
                0x00000000002052bc       0x10 obj_openmote-cc2538/nbr-table.o
                0x00000000002052bc                nbr_table_unlock
 .text.netstack_process_ip_callback
                0x00000000002052cc       0x40 obj_openmote-cc2538/netstack.o
                0x00000000002052cc                netstack_process_ip_callback
 .text.netstack_init
                0x000000000020530c       0x24 obj_openmote-cc2538/netstack.o
                0x000000000020530c                netstack_init
 .text.packetbuf_hdrreduce
                0x0000000000205330       0x28 obj_openmote-cc2538/packetbuf.o
                0x0000000000205330                packetbuf_hdrreduce
 .text.packetbuf_set_datalen
                0x0000000000205358        0xc obj_openmote-cc2538/packetbuf.o
                0x0000000000205358                packetbuf_set_datalen
 .text.packetbuf_hdrptr
                0x0000000000205364        0x8 obj_openmote-cc2538/packetbuf.o
                0x0000000000205364                packetbuf_hdrptr
 .text.packetbuf_datalen
                0x000000000020536c        0xc obj_openmote-cc2538/packetbuf.o
                0x000000000020536c                packetbuf_datalen
 .text.packetbuf_hdrlen
                0x0000000000205378       0x18 obj_openmote-cc2538/packetbuf.o
                0x0000000000205378                packetbuf_hdrlen
 .text.packetbuf_dataptr
                0x0000000000205390       0x10 obj_openmote-cc2538/packetbuf.o
                0x0000000000205390                packetbuf_dataptr
 .text.packetbuf_copyto
                0x00000000002053a0       0x44 obj_openmote-cc2538/packetbuf.o
                0x00000000002053a0                packetbuf_copyto
 .text.packetbuf_totlen
                0x00000000002053e4       0x14 obj_openmote-cc2538/packetbuf.o
                0x00000000002053e4                packetbuf_totlen
 .text.packetbuf_hdralloc
                0x00000000002053f8       0x40 obj_openmote-cc2538/packetbuf.o
                0x00000000002053f8                packetbuf_hdralloc
 .text.packetbuf_attr_clear
                0x0000000000205438       0x34 obj_openmote-cc2538/packetbuf.o
                0x0000000000205438                packetbuf_attr_clear
 .text.packetbuf_clear
                0x000000000020546c       0x20 obj_openmote-cc2538/packetbuf.o
                0x000000000020546c                packetbuf_clear
 .text.packetbuf_copyfrom
                0x000000000020548c       0x2c obj_openmote-cc2538/packetbuf.o
                0x000000000020548c                packetbuf_copyfrom
 .text.packetbuf_attr_copyto
                0x00000000002054b8       0x24 obj_openmote-cc2538/packetbuf.o
                0x00000000002054b8                packetbuf_attr_copyto
 .text.packetbuf_attr_copyfrom
                0x00000000002054dc       0x24 obj_openmote-cc2538/packetbuf.o
                0x00000000002054dc                packetbuf_attr_copyfrom
 .text.packetbuf_set_attr
                0x0000000000205500       0x10 obj_openmote-cc2538/packetbuf.o
                0x0000000000205500                packetbuf_set_attr
 .text.packetbuf_attr
                0x0000000000205510        0xc obj_openmote-cc2538/packetbuf.o
                0x0000000000205510                packetbuf_attr
 .text.packetbuf_set_addr
                0x000000000020551c       0x18 obj_openmote-cc2538/packetbuf.o
                0x000000000020551c                packetbuf_set_addr
 .text.packetbuf_addr
                0x0000000000205534       0x10 obj_openmote-cc2538/packetbuf.o
                0x0000000000205534                packetbuf_addr
 .text.packetbuf_holds_broadcast
                0x0000000000205544       0x10 obj_openmote-cc2538/packetbuf.o
                0x0000000000205544                packetbuf_holds_broadcast
 .text.queuebuf_init
                0x0000000000205554       0x1c obj_openmote-cc2538/queuebuf.o
                0x0000000000205554                queuebuf_init
 .text.queuebuf_numfree
                0x0000000000205570        0xc obj_openmote-cc2538/queuebuf.o
                0x0000000000205570                queuebuf_numfree
 .text.queuebuf_new_from_packetbuf
                0x000000000020557c       0x44 obj_openmote-cc2538/queuebuf.o
                0x000000000020557c                queuebuf_new_from_packetbuf
 .text.queuebuf_free
                0x00000000002055c0       0x2c obj_openmote-cc2538/queuebuf.o
                0x00000000002055c0                queuebuf_free
 .text.queuebuf_to_packetbuf
                0x00000000002055ec       0x30 obj_openmote-cc2538/queuebuf.o
                0x00000000002055ec                queuebuf_to_packetbuf
 .text.mac_sequence_is_duplicate
                0x000000000020561c       0x50 obj_openmote-cc2538/mac-sequence.o
                0x000000000020561c                mac_sequence_is_duplicate
 .text.mac_sequence_register_seqno
                0x000000000020566c       0x60 obj_openmote-cc2538/mac-sequence.o
                0x000000000020566c                mac_sequence_register_seqno
 .text.frame802154_get_pan_id
                0x00000000002056cc        0xc obj_openmote-cc2538/frame802154.o
                0x00000000002056cc                frame802154_get_pan_id
 .text.frame802154_parse
                0x00000000002056d8      0x130 obj_openmote-cc2538/frame802154.o
                0x00000000002056d8                frame802154_parse
 .text.create_frame
                0x0000000000205808       0xd0 obj_openmote-cc2538/framer-802154.o
 .text.schedule_transmission
                0x00000000002058d8       0x38 obj_openmote-cc2538/csma-output.o
 .text.tx_done  0x0000000000205910       0x7c obj_openmote-cc2538/csma-output.o
 .text.transmit_from_queue
                0x000000000020598c      0x1dc obj_openmote-cc2538/csma-output.o
 .text.csma_output_packet
                0x0000000000205b68      0x148 obj_openmote-cc2538/csma-output.o
                0x0000000000205b68                csma_output_packet
 .text.csma_output_init
                0x0000000000205cb0       0x28 obj_openmote-cc2538/csma-output.o
                0x0000000000205cb0                csma_output_init
 .text.on       0x0000000000205cd8        0xc obj_openmote-cc2538/csma.o
 .text.off      0x0000000000205ce4        0xc obj_openmote-cc2538/csma.o
 .text.input_packet
                0x0000000000205cf0       0x54 obj_openmote-cc2538/csma.o
 .text.clear_fragments
                0x0000000000205d44       0x38 obj_openmote-cc2538/sicslowpan.o
 .text.sicslowpan_init
                0x0000000000205d7c       0x18 obj_openmote-cc2538/sicslowpan.o
                0x0000000000205d7c                sicslowpan_init
 .text.set_packet_attrs
                0x0000000000205d94       0x40 obj_openmote-cc2538/sicslowpan.o
 .text.compress_addr_64
                0x0000000000205dd4       0x90 obj_openmote-cc2538/sicslowpan.o
 .text.addr_context_lookup_by_prefix
                0x0000000000205e64       0x24 obj_openmote-cc2538/sicslowpan.o
 .text.send_packet
                0x0000000000205e88       0x24 obj_openmote-cc2538/sicslowpan.o
 .text.output   0x0000000000205eac      0x708 obj_openmote-cc2538/sicslowpan.o
 .text.packet_sent
                0x00000000002065b4       0x5c obj_openmote-cc2538/sicslowpan.o
 .text.store_fragment
                0x0000000000206610       0x68 obj_openmote-cc2538/sicslowpan.o
 .text.uncompress_addr
                0x0000000000206678       0x70 obj_openmote-cc2538/sicslowpan.o
 .text.add_fragment
                0x00000000002066e8      0x14c obj_openmote-cc2538/sicslowpan.o
 .text.input    0x0000000000206834      0x6c8 obj_openmote-cc2538/sicslowpan.o
 .text.tcpip_output
                0x0000000000206efc       0x40 obj_openmote-cc2538/tcpip.o
                0x0000000000206efc                tcpip_output
 .text.tcpip_input
                0x0000000000206f3c       0x34 obj_openmote-cc2538/tcpip.o
                0x0000000000206f3c                tcpip_input
 .text.tcpip_ipv6_output
                0x0000000000206f70      0x108 obj_openmote-cc2538/tcpip.o
                0x0000000000206f70                tcpip_ipv6_output
 .text.packet_input
                0x0000000000207078       0x20 obj_openmote-cc2538/tcpip.o
 .text.process_thread_tcpip_process
                0x0000000000207098       0xc0 obj_openmote-cc2538/tcpip.o
 .text.tcpip_uipcall
                0x0000000000207158       0x2c obj_openmote-cc2538/tcpip.o
                0x0000000000207158                tcpip_uipcall
 .text.uip_ds6_nbr_rm
                0x0000000000207184       0x24 obj_openmote-cc2538/uip-ds6-nbr.o
                0x0000000000207184                uip_ds6_nbr_rm
 .text.uip_ds6_neighbors_init
                0x00000000002071a8       0x1c obj_openmote-cc2538/uip-ds6-nbr.o
                0x00000000002071a8                uip_ds6_neighbors_init
 .text.uip_ds6_nbr_add
                0x00000000002071c4       0x44 obj_openmote-cc2538/uip-ds6-nbr.o
                0x00000000002071c4                uip_ds6_nbr_add
 .text.uip_ds6_nbr_get_ll
                0x0000000000207208       0x10 obj_openmote-cc2538/uip-ds6-nbr.o
                0x0000000000207208                uip_ds6_nbr_get_ll
 .text.uip_ds6_nbr_lookup
                0x0000000000207218       0x38 obj_openmote-cc2538/uip-ds6-nbr.o
                0x0000000000207218                uip_ds6_nbr_lookup
 .text.uip_ds6_nbr_ll_lookup
                0x0000000000207250       0x10 obj_openmote-cc2538/uip-ds6-nbr.o
                0x0000000000207250                uip_ds6_nbr_ll_lookup
 .text.uip_ds6_route_init
                0x0000000000207260       0x1c obj_openmote-cc2538/uip-ds6-route.o
                0x0000000000207260                uip_ds6_route_init
 .text.uip_ds6_defrt_rm
                0x000000000020727c       0x38 obj_openmote-cc2538/uip-ds6-route.o
                0x000000000020727c                uip_ds6_defrt_rm
 .text.uip_ds6_defrt_lookup
                0x00000000002072b4       0x34 obj_openmote-cc2538/uip-ds6-route.o
                0x00000000002072b4                uip_ds6_defrt_lookup
 .text.uip_ds6_defrt_add
                0x00000000002072e8       0x60 obj_openmote-cc2538/uip-ds6-route.o
                0x00000000002072e8                uip_ds6_defrt_add
 .text.uip_ds6_defrt_choose
                0x0000000000207348       0x30 obj_openmote-cc2538/uip-ds6-route.o
                0x0000000000207348                uip_ds6_defrt_choose
 .text.uip_ds6_defrt_periodic
                0x0000000000207378       0x3c obj_openmote-cc2538/uip-ds6-route.o
                0x0000000000207378                uip_ds6_defrt_periodic
 .text.uip_ds6_prefix_add
                0x00000000002073b4       0x60 obj_openmote-cc2538/uip-ds6.o
                0x00000000002073b4                uip_ds6_prefix_add
 .text.uip_ds6_is_addr_onlink
                0x0000000000207414       0x40 obj_openmote-cc2538/uip-ds6.o
                0x0000000000207414                uip_ds6_is_addr_onlink
 .text.uip_ds6_addr_lookup
                0x0000000000207454       0x2c obj_openmote-cc2538/uip-ds6.o
                0x0000000000207454                uip_ds6_addr_lookup
 .text.uip_ds6_get_link_local
                0x0000000000207480       0x3c obj_openmote-cc2538/uip-ds6.o
                0x0000000000207480                uip_ds6_get_link_local
 .text.uip_ds6_maddr_add
                0x00000000002074bc       0x4c obj_openmote-cc2538/uip-ds6.o
                0x00000000002074bc                uip_ds6_maddr_add
 .text.uip_ds6_addr_add
                0x0000000000207508       0x98 obj_openmote-cc2538/uip-ds6.o
                0x0000000000207508                uip_ds6_addr_add
 .text.uip_ds6_maddr_lookup
                0x00000000002075a0       0x2c obj_openmote-cc2538/uip-ds6.o
                0x00000000002075a0                uip_ds6_maddr_lookup
 .text.uip_ds6_addr_rm
                0x00000000002075cc       0x44 obj_openmote-cc2538/uip-ds6.o
                0x00000000002075cc                uip_ds6_addr_rm
 .text.uip_ds6_periodic
                0x0000000000207610       0x48 obj_openmote-cc2538/uip-ds6.o
                0x0000000000207610                uip_ds6_periodic
 .text.uip_ds6_select_src
                0x0000000000207658       0x90 obj_openmote-cc2538/uip-ds6.o
                0x0000000000207658                uip_ds6_select_src
 .text.uip_ds6_compute_reachable_time
                0x00000000002076e8       0x2c obj_openmote-cc2538/uip-ds6.o
                0x00000000002076e8                uip_ds6_compute_reachable_time
 .text.uip_ds6_init
                0x0000000000207714       0xe0 obj_openmote-cc2538/uip-ds6.o
                0x0000000000207714                uip_ds6_init
 .text.echo_reply_input
                0x00000000002077f4       0xa4 obj_openmote-cc2538/uip-icmp6.o
 .text.echo_request_input
                0x0000000000207898       0xd0 obj_openmote-cc2538/uip-icmp6.o
 .text.uip_icmp6_input
                0x0000000000207968       0x38 obj_openmote-cc2538/uip-icmp6.o
                0x0000000000207968                uip_icmp6_input
 .text.uip_icmp6_register_input_handler
                0x00000000002079a0        0xc obj_openmote-cc2538/uip-icmp6.o
                0x00000000002079a0                uip_icmp6_register_input_handler
 .text.uip_icmp6_error_output
                0x00000000002079ac      0x150 obj_openmote-cc2538/uip-icmp6.o
                0x00000000002079ac                uip_icmp6_error_output
 .text.uip_icmp6_send
                0x0000000000207afc       0x7c obj_openmote-cc2538/uip-icmp6.o
                0x0000000000207afc                uip_icmp6_send
 .text.uip_icmp6_init
                0x0000000000207b78       0x1c obj_openmote-cc2538/uip-icmp6.o
                0x0000000000207b78                uip_icmp6_init
 .text.ns_input
                0x0000000000207b94      0x270 obj_openmote-cc2538/uip-nd6.o
 .text.uip_nd6_init
                0x0000000000207e04        0xc obj_openmote-cc2538/uip-nd6.o
                0x0000000000207e04                uip_nd6_init
 .text.node_matches_address.part.0
                0x0000000000207e10       0x28 obj_openmote-cc2538/uip-sr.o
 .text.uip_sr_get_node
                0x0000000000207e38       0x38 obj_openmote-cc2538/uip-sr.o
                0x0000000000207e38                uip_sr_get_node
 .text.uip_sr_is_addr_reachable
                0x0000000000207e70       0x44 obj_openmote-cc2538/uip-sr.o
                0x0000000000207e70                uip_sr_is_addr_reachable
 .text.uip_sr_update_node
                0x0000000000207eb4       0xa4 obj_openmote-cc2538/uip-sr.o
                0x0000000000207eb4                uip_sr_update_node
 .text.uip_sr_init
                0x0000000000207f58       0x24 obj_openmote-cc2538/uip-sr.o
                0x0000000000207f58                uip_sr_init
 .text.uip_sr_periodic
                0x0000000000207f7c       0x78 obj_openmote-cc2538/uip-sr.o
                0x0000000000207f7c                uip_sr_periodic
 .text.uip_sr_free_all
                0x0000000000207ff4       0x48 obj_openmote-cc2538/uip-sr.o
                0x0000000000207ff4                uip_sr_free_all
 .text.upper_layer_chksum
                0x000000000020803c       0x54 obj_openmote-cc2538/uip6.o
 .text.ext_hdr_options_process
                0x0000000000208090       0xc0 obj_openmote-cc2538/uip6.o
 .text.uip_init
                0x0000000000208150       0x40 obj_openmote-cc2538/uip6.o
                0x0000000000208150                uip_init
 .text.remove_ext_hdr
                0x0000000000208190       0x5c obj_openmote-cc2538/uip6.o
                0x0000000000208190                remove_ext_hdr
 .text.uip_process
                0x00000000002081ec      0x3e4 obj_openmote-cc2538/uip6.o
                0x00000000002081ec                uip_process
 .text.uip_htonl
                0x00000000002085d0       0x1c obj_openmote-cc2538/uip6.o
                0x00000000002085d0                uip_htonl
 .text.uipbuf_get_attr
                0x00000000002085ec       0x14 obj_openmote-cc2538/uipbuf.o
                0x00000000002085ec                uipbuf_get_attr
 .text.uipbuf_clear_attr
                0x0000000000208600       0x18 obj_openmote-cc2538/uipbuf.o
                0x0000000000208600                uipbuf_clear_attr
 .text.rpl_dag_root_set_prefix
                0x0000000000208618       0x64 obj_openmote-cc2538/rpl-dag-root.o
                0x0000000000208618                rpl_dag_root_set_prefix
 .text.rpl_dag_root_start
                0x000000000020867c       0x68 obj_openmote-cc2538/rpl-dag-root.o
                0x000000000020867c                rpl_dag_root_start
 .text.rpl_dag_root_is_root
                0x00000000002086e4       0x18 obj_openmote-cc2538/rpl-dag-root.o
                0x00000000002086e4                rpl_dag_root_is_root
 .text.init_dag
                0x00000000002086fc       0x78 obj_openmote-cc2538/rpl-dag.o
 .text.init_dag_from_dio
                0x0000000000208774       0x68 obj_openmote-cc2538/rpl-dag.o
 .text.rpl_dag_get_root_ipaddr
                0x00000000002087dc       0x30 obj_openmote-cc2538/rpl-dag.o
                0x00000000002087dc                rpl_dag_get_root_ipaddr
 .text.rpl_dag_leave
                0x000000000020880c       0x50 obj_openmote-cc2538/rpl-dag.o
                0x000000000020880c                rpl_dag_leave
 .text.rpl_dag_poison_and_leave
                0x000000000020885c       0x10 obj_openmote-cc2538/rpl-dag.o
                0x000000000020885c                rpl_dag_poison_and_leave
 .text.rpl_dag_periodic
                0x000000000020886c       0x44 obj_openmote-cc2538/rpl-dag.o
                0x000000000020886c                rpl_dag_periodic
 .text.rpl_is_addr_in_our_dag
                0x00000000002088b0       0x24 obj_openmote-cc2538/rpl-dag.o
                0x00000000002088b0                rpl_is_addr_in_our_dag
 .text.rpl_local_repair
                0x00000000002088d4       0x38 obj_openmote-cc2538/rpl-dag.o
                0x00000000002088d4                rpl_local_repair
 .text.rpl_global_repair
                0x000000000020890c       0x44 obj_openmote-cc2538/rpl-dag.o
                0x000000000020890c                rpl_global_repair
 .text.rpl_dag_ready_to_advertise
                0x0000000000208950       0x24 obj_openmote-cc2538/rpl-dag.o
                0x0000000000208950                rpl_dag_ready_to_advertise
 .text.rpl_dag_update_state
                0x0000000000208974      0x11c obj_openmote-cc2538/rpl-dag.o
                0x0000000000208974                rpl_dag_update_state
 .text.rpl_process_dio
                0x0000000000208a90      0x16c obj_openmote-cc2538/rpl-dag.o
                0x0000000000208a90                rpl_process_dio
 .text.rpl_process_dis
                0x0000000000208bfc       0x2c obj_openmote-cc2538/rpl-dag.o
                0x0000000000208bfc                rpl_process_dis
 .text.rpl_process_dao
                0x0000000000208c28       0x4c obj_openmote-cc2538/rpl-dag.o
                0x0000000000208c28                rpl_process_dao
 .text.rpl_process_dao_ack
                0x0000000000208c74       0x54 obj_openmote-cc2538/rpl-dag.o
                0x0000000000208c74                rpl_process_dao_ack
 .text.rpl_dag_init_root
                0x0000000000208cc8       0xa4 obj_openmote-cc2538/rpl-dag.o
                0x0000000000208cc8                rpl_dag_init_root
 .text.rpl_dag_init
                0x0000000000208d6c       0x1c obj_openmote-cc2538/rpl-dag.o
                0x0000000000208d6c                rpl_dag_init
 .text.update_hbh_header
                0x0000000000208d88       0x64 obj_openmote-cc2538/rpl-ext-header.o
 .text.rpl_ext_header_srh_get_next_hop
                0x0000000000208dec       0xc8 obj_openmote-cc2538/rpl-ext-header.o
                0x0000000000208dec                rpl_ext_header_srh_get_next_hop
 .text.rpl_ext_header_srh_update
                0x0000000000208eb4       0xe4 obj_openmote-cc2538/rpl-ext-header.o
                0x0000000000208eb4                rpl_ext_header_srh_update
 .text.rpl_ext_header_hbh_update
                0x0000000000208f98       0xb8 obj_openmote-cc2538/rpl-ext-header.o
                0x0000000000208f98                rpl_ext_header_hbh_update
 .text.rpl_ext_header_remove
                0x0000000000209050       0xa0 obj_openmote-cc2538/rpl-ext-header.o
                0x0000000000209050                rpl_ext_header_remove
 .text.rpl_ext_header_update
                0x00000000002090f0      0x294 obj_openmote-cc2538/rpl-ext-header.o
                0x00000000002090f0                rpl_ext_header_update
 .text.dao_ack_input
                0x0000000000209384       0x44 obj_openmote-cc2538/rpl-icmp6.o
 .text.dao_input
                0x00000000002093c8      0x110 obj_openmote-cc2538/rpl-icmp6.o
 .text.dio_input
                0x00000000002094d8      0x220 obj_openmote-cc2538/rpl-icmp6.o
 .text.dis_input
                0x00000000002096f8       0x3c obj_openmote-cc2538/rpl-icmp6.o
 .text.rpl_icmp6_dis_output
                0x0000000000209734       0x38 obj_openmote-cc2538/rpl-icmp6.o
                0x0000000000209734                rpl_icmp6_dis_output
 .text.rpl_icmp6_dio_output
                0x000000000020976c      0x18c obj_openmote-cc2538/rpl-icmp6.o
                0x000000000020976c                rpl_icmp6_dio_output
 .text.rpl_icmp6_dao_output
                0x00000000002098f8       0xc4 obj_openmote-cc2538/rpl-icmp6.o
                0x00000000002098f8                rpl_icmp6_dao_output
 .text.rpl_icmp6_dao_ack_output
                0x00000000002099bc       0x40 obj_openmote-cc2538/rpl-icmp6.o
                0x00000000002099bc                rpl_icmp6_dao_ack_output
 .text.rpl_icmp6_init
                0x00000000002099fc       0x30 obj_openmote-cc2538/rpl-icmp6.o
                0x00000000002099fc                rpl_icmp6_init
 .text.update_metric_container
                0x0000000000209a2c        0xc obj_openmote-cc2538/rpl-mrhof.o
 .text.nbr_path_cost
                0x0000000000209a38       0x44 obj_openmote-cc2538/rpl-mrhof.o
 .text.within_hysteresis
                0x0000000000209a7c       0x3c obj_openmote-cc2538/rpl-mrhof.o
 .text.rank_via_nbr
                0x0000000000209ab8       0x30 obj_openmote-cc2538/rpl-mrhof.o
 .text.best_parent
                0x0000000000209ae8       0x68 obj_openmote-cc2538/rpl-mrhof.o
 .text.update_state
                0x0000000000209b50       0x84 obj_openmote-cc2538/rpl-nbr-policy.o
 .text.rpl_nbr_policy_find_removable
                0x0000000000209bd4       0x50 obj_openmote-cc2538/rpl-nbr-policy.o
                0x0000000000209bd4                rpl_nbr_policy_find_removable
 .text.remove_neighbor
                0x0000000000209c24       0x3c obj_openmote-cc2538/rpl-neighbor.o
 .text.rpl_neighbor_get_from_lladdr
                0x0000000000209c60       0x10 obj_openmote-cc2538/rpl-neighbor.o
                0x0000000000209c60                rpl_neighbor_get_from_lladdr
 .text.rpl_neighbor_rank_via_nbr
                0x0000000000209c70       0x18 obj_openmote-cc2538/rpl-neighbor.o
                0x0000000000209c70                rpl_neighbor_rank_via_nbr
 .text.rpl_neighbor_get_lladdr
                0x0000000000209c88       0x10 obj_openmote-cc2538/rpl-neighbor.o
                0x0000000000209c88                rpl_neighbor_get_lladdr
 .text.best_parent
                0x0000000000209c98       0x7c obj_openmote-cc2538/rpl-neighbor.o
 .text.rpl_neighbor_is_parent
                0x0000000000209d14       0x18 obj_openmote-cc2538/rpl-neighbor.o
                0x0000000000209d14                rpl_neighbor_is_parent
 .text.rpl_neighbor_set_preferred_parent
                0x0000000000209d2c       0x44 obj_openmote-cc2538/rpl-neighbor.o
                0x0000000000209d2c                rpl_neighbor_set_preferred_parent
 .text.rpl_neighbor_remove_all
                0x0000000000209d70       0x2c obj_openmote-cc2538/rpl-neighbor.o
                0x0000000000209d70                rpl_neighbor_remove_all
 .text.rpl_neighbor_get_from_ipaddr
                0x0000000000209d9c       0x1c obj_openmote-cc2538/rpl-neighbor.o
                0x0000000000209d9c                rpl_neighbor_get_from_ipaddr
 .text.rpl_neighbor_select_best
                0x0000000000209db8       0x50 obj_openmote-cc2538/rpl-neighbor.o
                0x0000000000209db8                rpl_neighbor_select_best
 .text.rpl_neighbor_init
                0x0000000000209e08       0x14 obj_openmote-cc2538/rpl-neighbor.o
                0x0000000000209e08                rpl_neighbor_init
 .text.new_dio_interval
                0x0000000000209e1c       0x54 obj_openmote-cc2538/rpl-timers.o
 .text.handle_unicast_dio_timer
                0x0000000000209e70       0x1c obj_openmote-cc2538/rpl-timers.o
 .text.handle_dao_timer
                0x0000000000209e8c       0xd8 obj_openmote-cc2538/rpl-timers.o
 .text.handle_dao_ack_timer
                0x0000000000209f64       0x14 obj_openmote-cc2538/rpl-timers.o
 .text.handle_leaving_timer
                0x0000000000209f78       0x10 obj_openmote-cc2538/rpl-timers.o
 .text.handle_dio_timer
                0x0000000000209f88       0x70 obj_openmote-cc2538/rpl-timers.o
 .text.rpl_timers_schedule_periodic_dis
                0x0000000000209ff8       0x38 obj_openmote-cc2538/rpl-timers.o
                0x0000000000209ff8                rpl_timers_schedule_periodic_dis
 .text.handle_dis_timer
                0x000000000020a030       0x34 obj_openmote-cc2538/rpl-timers.o
 .text.handle_periodic_timer
                0x000000000020a064       0x48 obj_openmote-cc2538/rpl-timers.o
 .text.rpl_timers_dio_reset
                0x000000000020a0ac       0x24 obj_openmote-cc2538/rpl-timers.o
                0x000000000020a0ac                rpl_timers_dio_reset
 .text.rpl_timers_schedule_unicast_dio
                0x000000000020a0d0       0x28 obj_openmote-cc2538/rpl-timers.o
                0x000000000020a0d0                rpl_timers_schedule_unicast_dio
 .text.rpl_timers_schedule_dao
                0x000000000020a0f8       0x50 obj_openmote-cc2538/rpl-timers.o
                0x000000000020a0f8                rpl_timers_schedule_dao
 .text.rpl_timers_schedule_dao_ack
                0x000000000020a148       0x48 obj_openmote-cc2538/rpl-timers.o
                0x000000000020a148                rpl_timers_schedule_dao_ack
 .text.get_probing_delay
                0x000000000020a190       0x34 obj_openmote-cc2538/rpl-timers.o
                0x000000000020a190                get_probing_delay
 .text.get_probing_target
                0x000000000020a1c4       0xb0 obj_openmote-cc2538/rpl-timers.o
                0x000000000020a1c4                get_probing_target
 .text.rpl_schedule_probing
                0x000000000020a274       0x28 obj_openmote-cc2538/rpl-timers.o
                0x000000000020a274                rpl_schedule_probing
 .text.handle_probing_timer
                0x000000000020a29c       0x30 obj_openmote-cc2538/rpl-timers.o
 .text.rpl_timers_unschedule_leaving
                0x000000000020a2cc       0x24 obj_openmote-cc2538/rpl-timers.o
                0x000000000020a2cc                rpl_timers_unschedule_leaving
 .text.rpl_timers_schedule_leaving
                0x000000000020a2f0       0x30 obj_openmote-cc2538/rpl-timers.o
                0x000000000020a2f0                rpl_timers_schedule_leaving
 .text.rpl_timers_init
                0x000000000020a320       0x20 obj_openmote-cc2538/rpl-timers.o
                0x000000000020a320                rpl_timers_init
 .text.rpl_timers_stop_dag_timers
                0x000000000020a340       0x44 obj_openmote-cc2538/rpl-timers.o
                0x000000000020a340                rpl_timers_stop_dag_timers
 .text.rpl_timers_unschedule_state_update
                0x000000000020a384       0x14 obj_openmote-cc2538/rpl-timers.o
                0x000000000020a384                rpl_timers_unschedule_state_update
 .text.rpl_timers_schedule_state_update
                0x000000000020a398       0x1c obj_openmote-cc2538/rpl-timers.o
                0x000000000020a398                rpl_timers_schedule_state_update
 .text.rpl_has_joined
                0x000000000020a3b4       0x18 obj_openmote-cc2538/rpl.o
                0x000000000020a3b4                rpl_has_joined
 .text.rpl_is_reachable
                0x000000000020a3cc       0x18 obj_openmote-cc2538/rpl.o
                0x000000000020a3cc                rpl_is_reachable
 .text.set_ip_from_prefix
                0x000000000020a3e4       0x2c obj_openmote-cc2538/rpl.o
 .text.init     0x000000000020a410       0x40 obj_openmote-cc2538/rpl.o
 .text.rpl_link_callback
                0x000000000020a450       0x20 obj_openmote-cc2538/rpl.o
                0x000000000020a450                rpl_link_callback
 .text.get_sr_node_ipaddr
                0x000000000020a470       0x2c obj_openmote-cc2538/rpl.o
 .text.rpl_get_global_address
                0x000000000020a49c       0x68 obj_openmote-cc2538/rpl.o
                0x000000000020a49c                rpl_get_global_address
 .text.rpl_reset_prefix
                0x000000000020a504       0x28 obj_openmote-cc2538/rpl.o
                0x000000000020a504                rpl_reset_prefix
 .text.rpl_set_prefix_from_addr
                0x000000000020a52c       0x68 obj_openmote-cc2538/rpl.o
                0x000000000020a52c                rpl_set_prefix_from_addr
 .text.stack_overflow_err
                0x000000000020a594        0xc obj_openmote-cc2538/eth_vm.o
                0x000000000020a594                stack_overflow_err
 .text.decode_instruction
                0x000000000020a5a0     0x126c obj_openmote-cc2538/eth_vm.o
                0x000000000020a5a0                decode_instruction
 .text.execute_contract
                0x000000000020b80c       0xb0 obj_openmote-cc2538/eth_vm.o
                0x000000000020b80c                execute_contract
 .text.sha3_process_block
                0x000000000020b8bc      0x278 obj_openmote-cc2538/keccak256.o
 .text          0x000000000020bb34       0x30 /usr/local/Caskroom/gcc-arm-embedded/9-2019-q4-major/gcc-arm-none-eabi-9-2019-q4-major/bin/../lib/gcc/arm-none-eabi/9.2.1/thumb/v7-m/nofp/libgcc.a(_aeabi_uldivmod.o)
                0x000000000020bb34                __aeabi_uldivmod
 .text          0x000000000020bb64      0x2c4 /usr/local/Caskroom/gcc-arm-embedded/9-2019-q4-major/gcc-arm-none-eabi-9-2019-q4-major/bin/../lib/gcc/arm-none-eabi/9.2.1/thumb/v7-m/nofp/libgcc.a(_udivmoddi4.o)
                0x000000000020bb64                __udivmoddi4
 .text          0x000000000020be28        0x4 /usr/local/Caskroom/gcc-arm-embedded/9-2019-q4-major/gcc-arm-none-eabi-9-2019-q4-major/bin/../lib/gcc/arm-none-eabi/9.2.1/thumb/v7-m/nofp/libgcc.a(_dvmd_tls.o)
                0x000000000020be28                __aeabi_ldiv0
                0x000000000020be28                __aeabi_idiv0
 .text.memcmp   0x000000000020be2c       0x5c /usr/local/Caskroom/gcc-arm-embedded/9-2019-q4-major/gcc-arm-none-eabi-9-2019-q4-major/bin/../lib/gcc/arm-none-eabi/9.2.1/../../../../arm-none-eabi/lib/thumb/v7-m/nofp/libc.a(lib_a-memcmp.o)
                0x000000000020be2c                memcmp
 .text          0x000000000020be88       0xec /usr/local/Caskroom/gcc-arm-embedded/9-2019-q4-major/gcc-arm-none-eabi-9-2019-q4-major/bin/../lib/gcc/arm-none-eabi/9.2.1/../../../../arm-none-eabi/lib/thumb/v7-m/nofp/libc.a(lib_a-memcpy.o)
                0x000000000020be88                memcpy
 .text.memmove  0x000000000020bf74       0xd4 /usr/local/Caskroom/gcc-arm-embedded/9-2019-q4-major/gcc-arm-none-eabi-9-2019-q4-major/bin/../lib/gcc/arm-none-eabi/9.2.1/../../../../arm-none-eabi/lib/thumb/v7-m/nofp/libc.a(lib_a-memmove.o)
                0x000000000020bf74                memmove
 .text.memset   0x000000000020c048       0xa0 /usr/local/Caskroom/gcc-arm-embedded/9-2019-q4-major/gcc-arm-none-eabi-9-2019-q4-major/bin/../lib/gcc/arm-none-eabi/9.2.1/../../../../arm-none-eabi/lib/thumb/v7-m/nofp/libc.a(lib_a-memset.o)
                0x000000000020c048                memset
 .text.default_handler
                0x000000000020c0e8        0x2 obj_openmote-cc2538/startup-gcc.o
                0x000000000020c0e8                default_handler
 .text.nmi_handler
                0x000000000020c0ea        0x6 obj_openmote-cc2538/startup-gcc.o
                0x000000000020c0ea                nmi_handler
 .text.fade     0x000000000020c0f0       0x58 obj_openmote-cc2538/platform.o
 .text.platform_init_stage_one
                0x000000000020c148       0x14 obj_openmote-cc2538/platform.o
                0x000000000020c148                platform_init_stage_one
 .text.platform_idle
                0x000000000020c15c        0x4 obj_openmote-cc2538/platform.o
                0x000000000020c15c                platform_idle
 .text.board_init
                0x000000000020c160        0x4 obj_openmote-cc2538/board.o
                0x000000000020c160                board_init
 .text.soc_init
                0x000000000020c164       0x22 obj_openmote-cc2538/soc.o
                0x000000000020c164                soc_init
 .text.clock_isr
                0x000000000020c186        0x4 obj_openmote-cc2538/clock.o
                0x000000000020c186                clock_isr
 .text.rtimer_arch_init
                0x000000000020c18a        0x2 obj_openmote-cc2538/rtimer-arch.o
                0x000000000020c18a                rtimer_arch_init
 .text.uart0_isr
                0x000000000020c18c        0x6 obj_openmote-cc2538/uart.o
                0x000000000020c18c                uart0_isr
 .text.uart1_isr
                0x000000000020c192        0x6 obj_openmote-cc2538/uart.o
                0x000000000020c192                uart1_isr
 .text.gpio_port_a_isr
                0x000000000020c198        0x6 obj_openmote-cc2538/gpio.o
                0x000000000020c198                gpio_port_a_isr
 .text.gpio_port_b_isr
                0x000000000020c19e        0x6 obj_openmote-cc2538/gpio.o
                0x000000000020c19e                gpio_port_b_isr
 .text.gpio_port_c_isr
                0x000000000020c1a4        0x6 obj_openmote-cc2538/gpio.o
                0x000000000020c1a4                gpio_port_c_isr
 .text.gpio_port_d_isr
                0x000000000020c1aa        0x6 obj_openmote-cc2538/gpio.o
                0x000000000020c1aa                gpio_port_d_isr
 .text.send     0x000000000020c1b0       0x12 obj_openmote-cc2538/cc2538-rf.o
 .text.putchar  0x000000000020c1c2       0x10 obj_openmote-cc2538/dbg.o
                0x000000000020c1c2                putchar
 .text.dbg_send_bytes
                0x000000000020c1d2       0x22 obj_openmote-cc2538/dbg.o
                0x000000000020c1d2                dbg_send_bytes
 .text.configure
                0x000000000020c1f4        0x4 obj_openmote-cc2538/cc2538-temp-sensor.o
 .text.status   0x000000000020c1f8        0x4 obj_openmote-cc2538/cc2538-temp-sensor.o
 .text.value    0x000000000020c1fc       0x34 obj_openmote-cc2538/cc2538-temp-sensor.o
 .text.write_str
                0x000000000020c230       0x10 obj_openmote-cc2538/dbg-printf.o
 .text.autostart_start
                0x000000000020c240       0x14 obj_openmote-cc2538/autostart.o
                0x000000000020c240                autostart_start
 .text.energest_init
                0x000000000020c254        0x2 obj_openmote-cc2538/energest.o
                0x000000000020c254                energest_init
 .text.etimer_set
                0x000000000020c256       0x12 obj_openmote-cc2538/etimer.o
                0x000000000020c256                etimer_set
 .text.etimer_reset
                0x000000000020c268       0x12 obj_openmote-cc2538/etimer.o
                0x000000000020c268                etimer_reset
 .text.etimer_expired
                0x000000000020c27a        0xa obj_openmote-cc2538/etimer.o
                0x000000000020c27a                etimer_expired
 .text.call_process
                0x000000000020c284        0xc obj_openmote-cc2538/process.o
 .text.rtimer_init
                0x000000000020c290        0x4 obj_openmote-cc2538/rtimer.o
                0x000000000020c290                rtimer_init
 .text.stimer_set
                0x000000000020c294        0xe obj_openmote-cc2538/stimer.o
                0x000000000020c294                stimer_set
 .text.stimer_expired
                0x000000000020c2a2       0x1e obj_openmote-cc2538/stimer.o
                0x000000000020c2a2                stimer_expired
 .text.timer_set
                0x000000000020c2c0        0xe obj_openmote-cc2538/timer.o
                0x000000000020c2c0                timer_set
 .text.timer_reset
                0x000000000020c2ce        0xa obj_openmote-cc2538/timer.o
                0x000000000020c2ce                timer_reset
 .text.timer_expired
                0x000000000020c2d8       0x1c obj_openmote-cc2538/timer.o
                0x000000000020c2d8                timer_expired
 .text.list_init
                0x000000000020c2f4        0x6 obj_openmote-cc2538/list.o
                0x000000000020c2f4                list_init
 .text.list_head
                0x000000000020c2fa        0x4 obj_openmote-cc2538/list.o
                0x000000000020c2fa                list_head
 .text.list_tail
                0x000000000020c2fe       0x10 obj_openmote-cc2538/list.o
                0x000000000020c2fe                list_tail
 .text.list_remove
                0x000000000020c30e       0x26 obj_openmote-cc2538/list.o
                0x000000000020c30e                list_remove
 .text.list_add
                0x000000000020c334       0x1a obj_openmote-cc2538/list.o
                0x000000000020c334                list_add
 .text.list_push
                0x000000000020c34e        0xe obj_openmote-cc2538/list.o
                0x000000000020c34e                list_push
 .text.list_length
                0x000000000020c35c        0xe obj_openmote-cc2538/list.o
                0x000000000020c35c                list_length
 .text.list_item_next
                0x000000000020c36a        0x6 obj_openmote-cc2538/list.o
                0x000000000020c36a                list_item_next
 .text.memb_init
                0x000000000020c370       0x20 obj_openmote-cc2538/memb.o
                0x000000000020c370                memb_init
 .text.memb_alloc
                0x000000000020c390       0x28 obj_openmote-cc2538/memb.o
                0x000000000020c390                memb_alloc
 .text.memb_free
                0x000000000020c3b8       0x2c obj_openmote-cc2538/memb.o
                0x000000000020c3b8                memb_free
 .text.memb_inmemb
                0x000000000020c3e4       0x1c obj_openmote-cc2538/memb.o
                0x000000000020c3e4                memb_inmemb
 .text.memb_numfree
                0x000000000020c400       0x1c obj_openmote-cc2538/memb.o
                0x000000000020c400                memb_numfree
 .text.ringbuf_init
                0x000000000020c41c        0xe obj_openmote-cc2538/ringbuf.o
                0x000000000020c41c                ringbuf_init
 .text.ringbuf_put
                0x000000000020c42a       0x26 obj_openmote-cc2538/ringbuf.o
                0x000000000020c42a                ringbuf_put
 .text.ringbuf_get
                0x000000000020c450       0x20 obj_openmote-cc2538/ringbuf.o
                0x000000000020c450                ringbuf_get
 .text.link_stats_is_fresh
                0x000000000020c470       0x24 obj_openmote-cc2538/link-stats.o
                0x000000000020c470                link_stats_is_fresh
 .text.guess_etx_from_rssi
                0x000000000020c494       0x3e obj_openmote-cc2538/link-stats.o
                0x000000000020c494                guess_etx_from_rssi
 .text.linkaddr_copy
                0x000000000020c4d2        0x6 obj_openmote-cc2538/linkaddr.o
                0x000000000020c4d2                linkaddr_copy
 .text.linkaddr_cmp
                0x000000000020c4d8       0x10 obj_openmote-cc2538/linkaddr.o
                0x000000000020c4d8                linkaddr_cmp
 .text.item_from_index
                0x000000000020c4e8       0x14 obj_openmote-cc2538/nbr-table.o
 .text.index_from_item
                0x000000000020c4fc       0x16 obj_openmote-cc2538/nbr-table.o
 .text.nbr_set_bit
                0x000000000020c512       0x3a obj_openmote-cc2538/nbr-table.o
 .text.nbr_table_next
                0x000000000020c54c       0x36 obj_openmote-cc2538/nbr-table.o
                0x000000000020c54c                nbr_table_next
 .text.nbr_table_get_from_lladdr
                0x000000000020c582       0x26 obj_openmote-cc2538/nbr-table.o
                0x000000000020c582                nbr_table_get_from_lladdr
 .text.nbr_table_get_lladdr
                0x000000000020c5a8       0x10 obj_openmote-cc2538/nbr-table.o
                0x000000000020c5a8                nbr_table_get_lladdr
 .text.nbr_table_update_lladdr
                0x000000000020c5b8       0x46 obj_openmote-cc2538/nbr-table.o
                0x000000000020c5b8                nbr_table_update_lladdr
 .text.queuebuf_update_attr_from_packetbuf
                0x000000000020c5fe        0xc obj_openmote-cc2538/queuebuf.o
                0x000000000020c5fe                queuebuf_update_attr_from_packetbuf
 .text.queuebuf_attr
                0x000000000020c60a        0xc obj_openmote-cc2538/queuebuf.o
                0x000000000020c60a                queuebuf_attr
 .text.mac_call_sent_callback
                0x000000000020c616       0x16 obj_openmote-cc2538/mac.o
                0x000000000020c616                mac_call_sent_callback
 .text.frame802154_has_panid
                0x000000000020c62c       0xb6 obj_openmote-cc2538/frame802154.o
                0x000000000020c62c                frame802154_has_panid
 .text.field_len
                0x000000000020c6e2       0x84 obj_openmote-cc2538/frame802154.o
 .text.frame802154_is_broadcast_addr
                0x000000000020c766       0x1e obj_openmote-cc2538/frame802154.o
                0x000000000020c766                frame802154_is_broadcast_addr
 .text.frame802154_hdrlen
                0x000000000020c784       0x32 obj_openmote-cc2538/frame802154.o
                0x000000000020c784                frame802154_hdrlen
 .text.frame802154_create_fcf
                0x000000000020c7b6       0x5e obj_openmote-cc2538/frame802154.o
                0x000000000020c7b6                frame802154_create_fcf
 .text.frame802154_create
                0x000000000020c814       0x8c obj_openmote-cc2538/frame802154.o
                0x000000000020c814                frame802154_create
 .text.frame802154_parse_fcf
                0x000000000020c8a0       0x66 obj_openmote-cc2538/frame802154.o
                0x000000000020c8a0                frame802154_parse_fcf
 .text.parse    0x000000000020c906       0x8a obj_openmote-cc2538/framer-802154.o
 .text.framer_802154_setup_params.part.0
                0x000000000020c990       0x7c obj_openmote-cc2538/framer-802154.o
 .text.create   0x000000000020ca0c        0x6 obj_openmote-cc2538/framer-802154.o
 .text.hdr_length
                0x000000000020ca12        0x6 obj_openmote-cc2538/framer-802154.o
 .text.send_packet
                0x000000000020ca18        0x4 obj_openmote-cc2538/csma.o
 .text.init     0x000000000020ca1c        0xe obj_openmote-cc2538/csma.o
 .text.uip_ds6_nbr_ipaddr_from_lladdr
                0x000000000020ca2a        0x4 obj_openmote-cc2538/uip-ds6-nbr.o
                0x000000000020ca2a                uip_ds6_nbr_ipaddr_from_lladdr
 .text.uip_ds6_nbr_lladdr_from_ipaddr
                0x000000000020ca2e       0x12 obj_openmote-cc2538/uip-ds6-nbr.o
                0x000000000020ca2e                uip_ds6_nbr_lladdr_from_ipaddr
 .text.uip_ds6_link_callback
                0x000000000020ca40        0x2 obj_openmote-cc2538/uip-ds6-nbr.o
                0x000000000020ca40                uip_ds6_link_callback
 .text.uip_ds6_route_nexthop
                0x000000000020ca42        0x4 obj_openmote-cc2538/uip-ds6-route.o
                0x000000000020ca42                uip_ds6_route_nexthop
 .text.uip_ds6_route_lookup
                0x000000000020ca46        0x4 obj_openmote-cc2538/uip-ds6-route.o
                0x000000000020ca46                uip_ds6_route_lookup
 .text.uip_ds6_route_rm
                0x000000000020ca4a        0x2 obj_openmote-cc2538/uip-ds6-route.o
                0x000000000020ca4a                uip_ds6_route_rm
 .text.uip_ds6_list_loop
                0x000000000020ca4c       0x4e obj_openmote-cc2538/uip-ds6.o
                0x000000000020ca4c                uip_ds6_list_loop
 .text.uip_ds6_maddr_rm
                0x000000000020ca9a        0x8 obj_openmote-cc2538/uip-ds6.o
                0x000000000020ca9a                uip_ds6_maddr_rm
 .text.uip_ds6_set_addr_iid
                0x000000000020caa2       0x16 obj_openmote-cc2538/uip-ds6.o
                0x000000000020caa2                uip_ds6_set_addr_iid
 .text.uip_ds6_set_lladdr_from_iid
                0x000000000020cab8       0x16 obj_openmote-cc2538/uip-ds6.o
                0x000000000020cab8                uip_ds6_set_lladdr_from_iid
 .text.get_match_length
                0x000000000020cace       0x36 obj_openmote-cc2538/uip-ds6.o
                0x000000000020cace                get_match_length
 .text.uip_sr_expire_parent
                0x000000000020cb04       0x28 obj_openmote-cc2538/uip-sr.o
                0x000000000020cb04                uip_sr_expire_parent
 .text.chksum   0x000000000020cb2c       0x52 obj_openmote-cc2538/uip6.o
 .text.uip_icmp6chksum
                0x000000000020cb7e        0x6 obj_openmote-cc2538/uip6.o
                0x000000000020cb7e                uip_icmp6chksum
 .text.uip_udpchksum
                0x000000000020cb84        0x6 obj_openmote-cc2538/uip6.o
                0x000000000020cb84                uip_udpchksum
 .text.rpl_process_hbh
                0x000000000020cb8a       0x1c obj_openmote-cc2538/rpl-dag.o
                0x000000000020cb8a                rpl_process_hbh
 .text.get32    0x000000000020cba6       0x18 obj_openmote-cc2538/rpl-icmp6.o
 .text.set32    0x000000000020cbbe       0x12 obj_openmote-cc2538/rpl-icmp6.o
 .text.get16    0x000000000020cbd0        0xc obj_openmote-cc2538/rpl-icmp6.o
 .text.set16    0x000000000020cbdc        0xa obj_openmote-cc2538/rpl-icmp6.o
 .text.rpl_icmp6_update_nbr_table
                0x000000000020cbe6       0x2e obj_openmote-cc2538/rpl-icmp6.o
                0x000000000020cbe6                rpl_icmp6_update_nbr_table
 .text.reset    0x000000000020cc14        0x2 obj_openmote-cc2538/rpl-mrhof.o
 .text.nbr_link_metric
                0x000000000020cc16       0x12 obj_openmote-cc2538/rpl-mrhof.o
 .text.nbr_has_usable_link
                0x000000000020cc28       0x12 obj_openmote-cc2538/rpl-mrhof.o
 .text.nbr_is_acceptable_parent
                0x000000000020cc3a       0x1e obj_openmote-cc2538/rpl-mrhof.o
 .text.rpl_neighbor_get_ipaddr
                0x000000000020cc58        0xe obj_openmote-cc2538/rpl-neighbor.o
                0x000000000020cc58                rpl_neighbor_get_ipaddr
 .text.rpl_neighbor_get_link_stats
                0x000000000020cc66        0xe obj_openmote-cc2538/rpl-neighbor.o
                0x000000000020cc66                rpl_neighbor_get_link_stats
 .text.rpl_neighbor_is_fresh
                0x000000000020cc74        0xe obj_openmote-cc2538/rpl-neighbor.o
                0x000000000020cc74                rpl_neighbor_is_fresh
 .text.handle_state_update
                0x000000000020cc82        0x4 obj_openmote-cc2538/rpl-timers.o
 .text.neighbor_state_changed
                0x000000000020cc86        0x2 obj_openmote-cc2538/rpl.o
 .text.drop_route
                0x000000000020cc88        0x2 obj_openmote-cc2538/rpl.o
 .text.rpl_lollipop_greater_than
                0x000000000020cc8a       0x34 obj_openmote-cc2538/rpl.o
                0x000000000020cc8a                rpl_lollipop_greater_than
 .text.swapLong
                0x000000000020ccbe        0xa obj_openmote-cc2538/eth_vm.o
                0x000000000020ccbe                swapLong
 .text.init_machine
                0x000000000020ccc8        0xe obj_openmote-cc2538/eth_vm.o
                0x000000000020ccc8                init_machine
 .text.stack_pop
                0x000000000020ccd6       0x2c obj_openmote-cc2538/eth_vm.o
                0x000000000020ccd6                stack_pop
 .text.stack_push
                0x000000000020cd02       0x3a obj_openmote-cc2538/eth_vm.o
                0x000000000020cd02                stack_push
 .text.get_keccak256
                0x000000000020cd3c       0x32 obj_openmote-cc2538/eth_vm.o
                0x000000000020cd3c                get_keccak256
 .text.keccak_init
                0x000000000020cd6e        0xa obj_openmote-cc2538/keccak256.o
                0x000000000020cd6e                keccak_init
 .text.keccak_update
                0x000000000020cd78       0x8e obj_openmote-cc2538/keccak256.o
                0x000000000020cd78                keccak_update
 .text.keccak_final
                0x000000000020ce06       0x4c obj_openmote-cc2538/keccak256.o
                0x000000000020ce06                keccak_final
 .text.zero128  0x000000000020ce52       0x1a obj_openmote-cc2538/uint256.o
                0x000000000020ce52                zero128
 .text.zero256  0x000000000020ce6c       0x18 obj_openmote-cc2538/uint256.o
                0x000000000020ce6c                zero256
 .text.copy128  0x000000000020ce84       0x12 obj_openmote-cc2538/uint256.o
                0x000000000020ce84                copy128
 .text.shiftr128.part.0
                0x000000000020ce96       0xc8 obj_openmote-cc2538/uint256.o
 .text.copy256  0x000000000020cf5e       0x12 obj_openmote-cc2538/uint256.o
                0x000000000020cf5e                copy256
 .text.clear256
                0x000000000020cf70       0x16 obj_openmote-cc2538/uint256.o
                0x000000000020cf70                clear256
 .text.shiftl128
                0x000000000020cf86       0xe2 obj_openmote-cc2538/uint256.o
                0x000000000020cf86                shiftl128
 .text.shiftr128
                0x000000000020d068       0x3e obj_openmote-cc2538/uint256.o
                0x000000000020d068                shiftr128
 .text.bits256  0x000000000020d0a6       0x50 obj_openmote-cc2538/uint256.o
                0x000000000020d0a6                bits256
 .text.equal128
                0x000000000020d0f6       0x2a obj_openmote-cc2538/uint256.o
                0x000000000020d0f6                equal128
 .text.equal256
                0x000000000020d120       0x1a obj_openmote-cc2538/uint256.o
                0x000000000020d120                equal256
 .text.gt128    0x000000000020d13a       0x30 obj_openmote-cc2538/uint256.o
                0x000000000020d13a                gt128
 .text.gt256    0x000000000020d16a       0x1c obj_openmote-cc2538/uint256.o
                0x000000000020d16a                gt256
 .text.gte256   0x000000000020d186       0x1e obj_openmote-cc2538/uint256.o
                0x000000000020d186                gte256
 .text.add128   0x000000000020d1a4       0x56 obj_openmote-cc2538/uint256.o
                0x000000000020d1a4                add128
 .text.shiftl256
                0x000000000020d1fa       0x82 obj_openmote-cc2538/uint256.o
                0x000000000020d1fa                shiftl256
 .text.shiftr256.part.0
                0x000000000020d27c       0x68 obj_openmote-cc2538/uint256.o
 .text.shiftr256
                0x000000000020d2e4       0x44 obj_openmote-cc2538/uint256.o
                0x000000000020d2e4                shiftr256
 .text.add256   0x000000000020d328       0x50 obj_openmote-cc2538/uint256.o
                0x000000000020d328                add256
 .text.minus128
                0x000000000020d378       0x4a obj_openmote-cc2538/uint256.o
                0x000000000020d378                minus128
 .text.minus256
                0x000000000020d3c2       0x50 obj_openmote-cc2538/uint256.o
                0x000000000020d3c2                minus256
 .text.or128    0x000000000020d412       0x24 obj_openmote-cc2538/uint256.o
                0x000000000020d412                or128
 .text.or256    0x000000000020d436       0x18 obj_openmote-cc2538/uint256.o
                0x000000000020d436                or256
 .text.xor128   0x000000000020d44e       0x24 obj_openmote-cc2538/uint256.o
                0x000000000020d44e                xor128
 .text.xor256   0x000000000020d472       0x18 obj_openmote-cc2538/uint256.o
                0x000000000020d472                xor256
 .text.and128   0x000000000020d48a       0x24 obj_openmote-cc2538/uint256.o
                0x000000000020d48a                and128
 .text.and256   0x000000000020d4ae       0x18 obj_openmote-cc2538/uint256.o
                0x000000000020d4ae                and256
 .text.not128   0x000000000020d4c6       0x1a obj_openmote-cc2538/uint256.o
                0x000000000020d4c6                not128
 .text.not256   0x000000000020d4e0       0x10 obj_openmote-cc2538/uint256.o
                0x000000000020d4e0                not256
 .text.mul128   0x000000000020d4f0      0x114 obj_openmote-cc2538/uint256.o
                0x000000000020d4f0                mul128
 .text.mul256   0x000000000020d604      0x25c obj_openmote-cc2538/uint256.o
                0x000000000020d604                mul256
 .text.divmod256
                0x000000000020d860       0xd2 obj_openmote-cc2538/uint256.o
                0x000000000020d860                divmod256
 *(SORT_BY_ALIGNMENT(.rodata*))
 *fill*         0x000000000020d932        0x2 00000000
 .rodata.button_sensor
                0x000000000020d934       0x10 obj_openmote-cc2538/button-sensor.o
                0x000000000020d934                button_sensor
 .rodata.uart_regs
                0x000000000020d944       0x58 obj_openmote-cc2538/uart.o
 .rodata.cc2538_rf_driver
                0x000000000020d99c       0x38 obj_openmote-cc2538/cc2538-rf.o
                0x000000000020d99c                cc2538_rf_driver
 .rodata.output_power
                0x000000000020d9d4       0x70 obj_openmote-cc2538/cc2538-rf.o
 .rodata.cc2538_temp_sensor
                0x000000000020da44       0x10 obj_openmote-cc2538/cc2538-temp-sensor.o
                0x000000000020da44                cc2538_temp_sensor
 .rodata.framer_802154
                0x000000000020da54        0xc obj_openmote-cc2538/framer-802154.o
                0x000000000020da54                framer_802154
 .rodata.csma_driver
                0x000000000020da60       0x18 obj_openmote-cc2538/csma.o
                0x000000000020da60                csma_driver
 .rodata.sicslowpan_driver
                0x000000000020da78       0x10 obj_openmote-cc2538/sicslowpan.o
                0x000000000020da78                sicslowpan_driver
 .rodata.rpl_lite_driver
                0x000000000020da88       0x50 obj_openmote-cc2538/rpl.o
                0x000000000020da88                rpl_lite_driver
 .rodata.autostart_processes
                0x000000000020dad8        0x8 Ethereum_App.o
                0x000000000020dad8                autostart_processes
 .rodata.linkaddr_null
                0x000000000020dae0        0x8 obj_openmote-cc2538/linkaddr.o
                0x000000000020dae0                linkaddr_null
 .rodata.platform_init_stage_three.str1.1
                0x000000000020dae8       0x34 obj_openmote-cc2538/platform.o
                                         0x38 (size before relaxing)
 .rodata.leds_arch_leds
                0x000000000020db1c        0x8 obj_openmote-cc2538/leds-arch.o
                0x000000000020db1c                leds_arch_leds
 .rodata.str1.1
                0x000000000020db24        0x7 obj_openmote-cc2538/button-sensor.o
 .rodata.str1.1
                0x000000000020db2b       0x11 obj_openmote-cc2538/cc2538-rf.o
 .rodata.str1.1
                0x000000000020db3c       0x14 obj_openmote-cc2538/cc2538-temp-sensor.o
 .rodata.format_str_v.str1.1
                0x000000000020db50       0x35 obj_openmote-cc2538/strformat.o
                                         0x37 (size before relaxing)
 .rodata.buffer.3715
                0x000000000020db85       0x10 obj_openmote-cc2538/strformat.o
 .rodata.buffer.3724
                0x000000000020db95       0x10 obj_openmote-cc2538/strformat.o
 .rodata.main.str1.1
                0x000000000020dba5       0x65 obj_openmote-cc2538/contiki-main.o
                                         0x7b (size before relaxing)
 .rodata.str1.1
                0x000000000020dc0a        0xf obj_openmote-cc2538/ctimer.o
 .rodata.str1.1
                0x000000000020dc19        0xc obj_openmote-cc2538/etimer.o
 .rodata.log_6addr.str1.1
                0x000000000020dc25       0x28 obj_openmote-cc2538/log.o
                                         0x2a (size before relaxing)
 .rodata.log_lladdr.str1.1
                0x000000000020dc4d       0x16 obj_openmote-cc2538/log.o
 .rodata.process_thread_stack_check_process.str1.1
                0x000000000020dc63       0x23 obj_openmote-cc2538/stack-check.o
                                         0x32 (size before relaxing)
 .rodata.str1.1
                0x000000000020dc86        0xc obj_openmote-cc2538/stack-check.o
 .rodata.str1.1
                0x000000000020dc92        0xe obj_openmote-cc2538/serial-line.o
 .rodata.str1.1
                0x000000000020dca0        0x8 obj_openmote-cc2538/sensors.o
 .rodata.str1.1
                0x000000000020dca8        0x5 obj_openmote-cc2538/csma.o
 .rodata.str1.1
                0x000000000020dcad        0xb obj_openmote-cc2538/sicslowpan.o
 .rodata.CSWTCH.317
                0x000000000020dcb8        0x4 obj_openmote-cc2538/sicslowpan.o
 .rodata.llprefix
                0x000000000020dcbc        0x2 obj_openmote-cc2538/sicslowpan.o
                0x000000000020dcbc                llprefix
 .rodata.ttl_values
                0x000000000020dcbe        0x4 obj_openmote-cc2538/sicslowpan.o
 .rodata.unc_ctxconf
                0x000000000020dcc2        0x4 obj_openmote-cc2538/sicslowpan.o
                0x000000000020dcc2                unc_ctxconf
 .rodata.unc_llconf
                0x000000000020dcc6        0x4 obj_openmote-cc2538/sicslowpan.o
                0x000000000020dcc6                unc_llconf
 .rodata.unc_mxconf
                0x000000000020dcca        0x4 obj_openmote-cc2538/sicslowpan.o
                0x000000000020dcca                unc_mxconf
 .rodata.str1.1
                0x000000000020dcce        0xd obj_openmote-cc2538/tcpip.o
 .rodata.rpl_local_repair.str1.1
                0x000000000020dcdb        0xd obj_openmote-cc2538/rpl-dag.o
 .rodata.rpl_global_repair.str1.1
                0x000000000020dce8        0xe obj_openmote-cc2538/rpl-dag.o
 .rodata.rpl_dag_update_state.str1.1
                0x000000000020dcf6       0x31 obj_openmote-cc2538/rpl-dag.o
 .rodata.rpl_process_dio.str1.1
                0x000000000020dd27       0x1e obj_openmote-cc2538/rpl-dag.o
 .rodata.rpl_process_dis.str1.1
                0x000000000020dd45        0xe obj_openmote-cc2538/rpl-dag.o
 .rodata.rpl_process_dao_ack.str1.1
                0x000000000020dd53        0xa obj_openmote-cc2538/rpl-dag.o
 .rodata.rpl_dag_init_root.str1.1
                0x000000000020dd5d        0xa obj_openmote-cc2538/rpl-dag.o
 .rodata.handle_dao_timer.str1.1
                0x000000000020dd67        0xc obj_openmote-cc2538/rpl-timers.o
 .rodata.str1.1
                0x000000000020dd73        0x9 obj_openmote-cc2538/rpl.o
 .rodata.process_thread_hello_world_process.str1.1
                0x000000000020dd7c       0x9b Ethereum_App.o
                                         0xba (size before relaxing)
 .rodata.str1.1
                0x000000000020de17        0x7 Ethereum_App.o
 .rodata        0x000000000020de1e       0x20 Ethereum_App.o
 .rodata.smart_contract
                0x000000000020de3e      0x68d Ethereum_App.o
 .rodata.stack_overflow_err.str1.1
                0x000000000020e4cb       0x24 obj_openmote-cc2538/eth_vm.o
 .rodata.decode_instruction.str1.1
                0x000000000020e4ef      0x216 obj_openmote-cc2538/eth_vm.o
 .rodata.execute_contract.str1.1
                0x000000000020e705       0x6f obj_openmote-cc2538/eth_vm.o
 .rodata.constants
                0x000000000020e774       0x48 obj_openmote-cc2538/keccak256.o
                0x000000000020e774                constants
                0x000000000020e7bc                _etext = .

.glue_7         0x000000000020e7bc        0x0
 .glue_7        0x000000000020e7bc        0x0 linker stubs

.glue_7t        0x000000000020e7bc        0x0
 .glue_7t       0x000000000020e7bc        0x0 linker stubs

.vfp11_veneer   0x000000000020e7bc        0x0
 .vfp11_veneer  0x000000000020e7bc        0x0 linker stubs

.v4_bx          0x000000000020e7bc        0x0
 .v4_bx         0x000000000020e7bc        0x0 linker stubs

.iplt           0x000000000020e7bc        0x0
 .iplt          0x000000000020e7bc        0x0 obj_openmote-cc2538/startup-gcc.o

.socdata        0x0000000020000000       0x40
 *(SORT_BY_ALIGNMENT(.udma_channel_control_table))
 .udma_channel_control_table
                0x0000000020000000       0x40 obj_openmote-cc2538/udma.o

.data           0x0000000020000040      0x1b8 load address 0x000000000020e7bc
                0x0000000020000040                _data = .
 *(SORT_BY_ALIGNMENT(.data*))
 .data.press_handler
                0x0000000020000040        0xc obj_openmote-cc2538/button-sensor.o
 .data.sensors  0x000000002000004c        0xc obj_openmote-cc2538/openmote-sensors.o
                0x000000002000004c                sensors
 .data.cc2538_rf_process
                0x0000000020000058       0x10 obj_openmote-cc2538/cc2538-rf.o
                0x0000000020000058                cc2538_rf_process
 .data.ctxt     0x0000000020000068        0x8 obj_openmote-cc2538/dbg-printf.o
 .data.ctimer_process
                0x0000000020000070       0x10 obj_openmote-cc2538/ctimer.o
                0x0000000020000070                ctimer_process
 .data.etimer_process
                0x0000000020000080       0x10 obj_openmote-cc2538/etimer.o
                0x0000000020000080                etimer_process
 .data.curr_log_level_main
                0x0000000020000090        0x4 obj_openmote-cc2538/log.o
                0x0000000020000090                curr_log_level_main
 .data.stack_check_process
                0x0000000020000094       0x10 obj_openmote-cc2538/stack-check.o
                0x0000000020000094                stack_check_process
 .data.serial_line_process
                0x00000000200000a4       0x10 obj_openmote-cc2538/serial-line.o
                0x00000000200000a4                serial_line_process
 .data.sensors_process
                0x00000000200000b4       0x10 obj_openmote-cc2538/sensors.o
                0x00000000200000b4                sensors_process
 .data.link_stats_struct
                0x00000000200000c4       0x10 obj_openmote-cc2538/link-stats.o
 .data.neighbor_addr_mem
                0x00000000200000d4        0xc obj_openmote-cc2538/nbr-table.o
 .data.bufmem   0x00000000200000e0        0xc obj_openmote-cc2538/queuebuf.o
 .data.buframmem
                0x00000000200000ec        0xc obj_openmote-cc2538/queuebuf.o
 .data.metadata_memb
                0x00000000200000f8        0xc obj_openmote-cc2538/csma-output.o
 .data.neighbor_memb
                0x0000000020000104        0xc obj_openmote-cc2538/csma-output.o
 .data.packet_memb
                0x0000000020000110        0xc obj_openmote-cc2538/csma-output.o
 .data.tcpip_process
                0x000000002000011c       0x10 obj_openmote-cc2538/tcpip.o
                0x000000002000011c                tcpip_process
 .data.ds6_neighbors
                0x000000002000012c        0x4 obj_openmote-cc2538/uip-ds6-nbr.o
                0x000000002000012c                ds6_neighbors
 .data.ds6_neighbors_struct
                0x0000000020000130       0x10 obj_openmote-cc2538/uip-ds6-nbr.o
 .data.defaultroutermemb
                0x0000000020000140        0xc obj_openmote-cc2538/uip-ds6-route.o
 .data.echo_reply_handler
                0x000000002000014c        0xc obj_openmote-cc2538/uip-icmp6.o
 .data.echo_request_handler
                0x0000000020000158        0xc obj_openmote-cc2538/uip-icmp6.o
 .data.ns_input_handler
                0x0000000020000164        0xc obj_openmote-cc2538/uip-nd6.o
 .data.nodememb
                0x0000000020000170        0xc obj_openmote-cc2538/uip-sr.o
 .data.dao_ack_handler
                0x000000002000017c        0xc obj_openmote-cc2538/rpl-icmp6.o
 .data.dao_handler
                0x0000000020000188        0xc obj_openmote-cc2538/rpl-icmp6.o
 .data.dio_handler
                0x0000000020000194        0xc obj_openmote-cc2538/rpl-icmp6.o
 .data.dis_handler
                0x00000000200001a0        0xc obj_openmote-cc2538/rpl-icmp6.o
 .data.rpl_mrhof
                0x00000000200001ac       0x24 obj_openmote-cc2538/rpl-mrhof.o
                0x00000000200001ac                rpl_mrhof
 .data.rpl_neighbors
                0x00000000200001d0        0x4 obj_openmote-cc2538/rpl-neighbor.o
                0x00000000200001d0                rpl_neighbors
 .data.rpl_neighbors_struct
                0x00000000200001d4       0x10 obj_openmote-cc2538/rpl-neighbor.o
 .data.hello_world_process
                0x00000000200001e4       0x10 Ethereum_App.o
                0x00000000200001e4                hello_world_process
 .data.mac_pan_id
                0x00000000200001f4        0x2 obj_openmote-cc2538/frame802154.o
 .data.rf_channel
                0x00000000200001f6        0x1 obj_openmote-cc2538/cc2538-rf.o
 .data.send_on_cca
                0x00000000200001f7        0x1 obj_openmote-cc2538/cc2538-rf.o
                0x00000000200001f8                _edata = .
                0x000000000020e7bc                _ldata = LOADADDR (.data)

.igot.plt       0x00000000200001f8        0x0 load address 0x000000000020e974
 .igot.plt      0x00000000200001f8        0x0 obj_openmote-cc2538/startup-gcc.o

.ARM.exidx      0x000000000020e974        0x8
 *(SORT_BY_ALIGNMENT(.ARM.exidx*))
 .ARM.exidx     0x000000000020e974        0x8 /usr/local/Caskroom/gcc-arm-embedded/9-2019-q4-major/gcc-arm-none-eabi-9-2019-q4-major/bin/../lib/gcc/arm-none-eabi/9.2.1/thumb/v7-m/nofp/libgcc.a(_udivmoddi4.o)

.bss            0x00000000200001f8     0x61f5
                0x00000000200001f8                _bss = .
 *(SORT_BY_ALIGNMENT(.bss*))
 .bss.rt_ticks_epoch
                0x00000000200001f8        0x8 obj_openmote-cc2538/clock.o
 .bss.rt_ticks_startup
                0x0000000020000200        0x8 obj_openmote-cc2538/clock.o
 .bss.DeployLength
                0x0000000020000208        0x8 Ethereum_App.o
                0x0000000020000208                DeployLength
 .bss.MAIN_VM.5938
                0x0000000020000210     0x3428 Ethereum_App.o
 .bss.debouncetimer
                0x0000000020003638        0x8 obj_openmote-cc2538/button-sensor.o
 .bss.press_counter
                0x0000000020003640       0x20 obj_openmote-cc2538/button-sensor.o
 .bss.press_duration
                0x0000000020003660        0x4 obj_openmote-cc2538/button-sensor.o
 .bss.next_trigger
                0x0000000020003664        0x4 obj_openmote-cc2538/rtimer-arch.o
 .bss.input_handler
                0x0000000020003668        0x8 obj_openmote-cc2538/uart.o
 .bss.ioc_over  0x0000000020003670        0x4 obj_openmote-cc2538/ioc.o
 .bss.ioc_sel   0x0000000020003674        0x4 obj_openmote-cc2538/ioc.o
 .bss.notification_process
                0x0000000020003678        0x4 obj_openmote-cc2538/crypto.o
 .bss.periph_permit_pm1_funcs
                0x000000002000367c       0x14 obj_openmote-cc2538/lpm.o
 .bss.notification_process
                0x0000000020003690        0x4 obj_openmote-cc2538/pka.o
 .bss.ctimer_list_list